Component: ARM Compiler 5.06 update 6 (build 750) Tool: armlink [4d35ed]

==============================================================================

Section Cross References

    startup_stm32f10x_cl.o(STACK) refers (Special) to heapauxi.o(.text) for __use_two_region_memory
    startup_stm32f10x_cl.o(HEAP) refers (Special) to heapauxi.o(.text) for __use_two_region_memory
    startup_stm32f10x_cl.o(RESET) refers (Special) to heapauxi.o(.text) for __use_two_region_memory
    startup_stm32f10x_cl.o(RESET) refers to startup_stm32f10x_cl.o(STACK) for __initial_sp
    startup_stm32f10x_cl.o(RESET) refers to startup_stm32f10x_cl.o(.text) for Reset_Handler
    startup_stm32f10x_cl.o(RESET) refers to stm32f10x_it.o(.text) for NMI_Handler
    startup_stm32f10x_cl.o(.text) refers (Special) to heapauxi.o(.text) for __use_two_region_memory
    startup_stm32f10x_cl.o(.text) refers to system_stm32f10x.o(.text) for SystemInit
    startup_stm32f10x_cl.o(.text) refers to __main.o(!!!main) for __main
    startup_stm32f10x_cl.o(.text) refers to startup_stm32f10x_cl.o(HEAP) for Heap_Mem
    startup_stm32f10x_cl.o(.text) refers to startup_stm32f10x_cl.o(STACK) for Stack_Mem
    stm32f10x_adc.o(.text) refers to stm32f10x_rcc.o(.text) for RCC_APB2PeriphResetCmd
    stm32f10x_bkp.o(.text) refers to stm32f10x_rcc.o(.text) for RCC_BackupResetCmd
    stm32f10x_can.o(.text) refers to stm32f10x_rcc.o(.text) for RCC_APB1PeriphResetCmd
    stm32f10x_cec.o(.text) refers to stm32f10x_rcc.o(.text) for RCC_APB1PeriphResetCmd
    stm32f10x_dac.o(.text) refers to stm32f10x_rcc.o(.text) for RCC_APB1PeriphResetCmd
    stm32f10x_gpio.o(.text) refers to stm32f10x_rcc.o(.text) for RCC_APB2PeriphResetCmd
    stm32f10x_i2c.o(.text) refers to stm32f10x_rcc.o(.text) for RCC_APB1PeriphResetCmd
    stm32f10x_pwr.o(.text) refers to stm32f10x_rcc.o(.text) for RCC_APB1PeriphResetCmd
    stm32f10x_rcc.o(.text) refers to stm32f10x_rcc.o(.data) for APBAHBPrescTable
    stm32f10x_spi.o(.text) refers to stm32f10x_rcc.o(.text) for RCC_APB2PeriphResetCmd
    stm32f10x_tim.o(.text) refers to stm32f10x_rcc.o(.text) for RCC_APB2PeriphResetCmd
    stm32f10x_usart.o(.text) refers to stm32f10x_rcc.o(.text) for RCC_APB2PeriphResetCmd
    stm32f10x_wwdg.o(.text) refers to stm32f10x_rcc.o(.text) for RCC_APB1PeriphResetCmd
    gs_api.o(.text) refers to gs_bsp.o(.text) for gs_printf
    gs_api.o(.text) refers to fmul.o(x$fpl$fmul) for __aeabi_fmul
    gs_api.o(.text) refers to gs_global_para.o(.bss) for syspara
    gs_bsp.o(.text) refers to stm32f10x_rcc.o(.text) for RCC_DeInit
    gs_bsp.o(.text) refers to stm32f10x_flash.o(.text) for FLASH_PrefetchBufferCmd
    gs_bsp.o(.text) refers to stm32f10x_gpio.o(.text) for GPIO_PinRemapConfig
    gs_bsp.o(.text) refers to gs_api.o(.text) for gs_s_msleep_start_and_setting
    gs_bsp.o(.text) refers to misc.o(.text) for NVIC_Init
    gs_bsp.o(.text) refers to system_stm32f10x.o(.data) for SystemCoreClock
    gs_bsp.o(.text) refers to gs_bsp.o(.data) for status
    gs_bsp.o(.text) refers to gs_global_para.o(.bss) for syspara
    gs_bsp.o(.text) refers to stm32f10x_usart.o(.text) for USART_DeInit
    gs_bsp.o(.text) refers to stm32f10x_dma.o(.text) for DMA_DeInit
    gs_bsp.o(.text) refers to rt_memcpy_v6.o(.text) for __aeabi_memcpy
    gs_bsp.o(.text) refers to c89vsnprintf.o(.text) for __c89vsnprintf
    gs_bsp.o(.text) refers to stm32f10x_adc.o(.text) for ADC_Init
    gs_bsp.o(.text) refers to fflt_clz.o(x$fpl$ffltu) for __aeabi_ui2f
    gs_bsp.o(.text) refers to fmul.o(x$fpl$fmul) for __aeabi_fmul
    gs_bsp.o(.text) refers to fdiv.o(x$fpl$fdiv) for __aeabi_fdiv
    gs_bsp.o(.text) refers to faddsub_clz.o(x$fpl$fsub) for __aeabi_fsub
    gs_bsp.o(.text) refers to faddsub_clz.o(x$fpl$fadd) for __aeabi_fadd
    gs_harmful_gas_detector.o(.text) refers to gs_api.o(.text) for gs_calc_cs
    gs_harmful_gas_detector.o(.text) refers to gs_bsp.o(.text) for gs_uart_send
    gs_harmful_gas_detector.o(.text) refers to fflt_clz.o(x$fpl$ffltu) for __aeabi_ui2f
    gs_harmful_gas_detector.o(.text) refers to fmul.o(x$fpl$fmul) for __aeabi_fmul
    gs_harmful_gas_detector.o(.text) refers to rt_memclr_w.o(.text) for __aeabi_memclr4
    gs_harmful_gas_detector.o(.text) refers to gs_harmful_gas_detector.o(.data) for status
    gs_harmful_gas_detector.o(.text) refers to gs_global_para.o(.bss) for syspara
    gs_harmful_gas_detector.o(.text) refers to gs_global_para.o(.data) for lora_msleep
    gs_harmful_gas_detector.o(.text) refers to fleqf.o(x$fpl$fleqf) for __aeabi_cfcmple
    gs_harmful_gas_detector.o(.text) refers to frleqf.o(x$fpl$frleqf) for __aeabi_cfrcmple
    main.o(.text) refers to gs_bsp.o(.text) for gs_sysclock_init
    main.o(.text) refers to misc.o(.text) for NVIC_PriorityGroupConfig
    main.o(.text) refers to gs_global_para.o(.text) for global_para_init
    main.o(.text) refers to gs_api.o(.text) for gs_s_msleep_start_and_setting
    main.o(.text) refers to gs_harmful_gas_detector.o(.text) for gs_alarm_ctrl
[...]
    .ARM.__AT_0x08002000                     0x08002000   Section       20  gs_harmful_gas_detector.o(.ARM.__AT_0x08002000)
    .text                                    0x08002014   Section        0  gs_bsp.o(.text)
    .text                                    0x08002b70   Section        0  gs_harmful_gas_detector.o(.text)
    .text                                    0x080032c0   Section        0  system_stm32f10x.o(.text)
    SetSysClockTo24                          0x080032c1   Thumb Code   256  system_stm32f10x.o(.text)
    SetSysClock                              0x080033c1   Thumb Code     8  system_stm32f10x.o(.text)
    .text                                    0x0800353c   Section      138  rt_memcpy_v6.o(.text)
    .text                                    0x080035c6   Section       78  rt_memclr_w.o(.text)
    .text                                    0x08003614   Section        0  _printf_pad.o(.text)
    .text                                    0x08003662   Section        0  _printf_truncate.o(.text)
    .text                                    0x08003686   Section        0  _printf_str.o(.text)
    .text                                    0x080036d8   Section        0  _printf_dec.o(.text)
    .text                                    0x08003750   Section        0  _printf_charcount.o(.text)
    .text                                    0x08003778   Section        0  _printf_char_common.o(.text)
    _printf_input_char                       0x08003779   Thumb Code    10  _printf_char_common.o(.text)
    .text                                    0x080037a8   Section        0  _sputc.o(.text)
    .text                                    0x080037b2   Section        0  _snputc.o(.text)
    .text                                    0x080037c4   Section        0  _printf_wctomb.o(.text)
    .text                                    0x08003880   Section        0  _printf_longlong_dec.o(.text)
    .text                                    0x080038fc   Section        0  _printf_oct_int_ll.o(.text)
    _printf_longlong_oct_internal            0x080038fd   Thumb Code     0  _printf_oct_int_ll.o(.text)
    .text                                    0x0800396c   Section        0  _printf_hex_int_ll_ptr.o(.text)
    _printf_hex_common                       0x0800396d   Thumb Code     0  _printf_hex_int_ll_ptr.o(.text)
    .text                                    0x08003a00   Section        0  __printf_flags_ss_wp.o(.text)
    .text                                    0x08003b88   Section      100  rt_memcpy_w.o(.text)
    .text                                    0x08003bec   Section      138  lludiv10.o(.text)
    .text                                    0x08003c76   Section        0  _printf_intcommon.o(.text)
    .text                                    0x08003d28   Section        0  _printf_fp_dec.o(.text)
    _fp_digits                               0x08003d2b   Thumb Code   432  _printf_fp_dec.o(.text)
    .text                                    0x08004146   Section        0  _printf_char.o(.text)
    .text                                    0x08004172   Section        0  _printf_wchar.o(.text)
    .text                                    0x0800419e   Section        0  _wcrtomb.o(.text)
    .text                                    0x080041de   Section       74  sys_stackheap_outer.o(.text)
    .text                                    0x08004228   Section       16  rt_ctype_table.o(.text)
    .text                                    0x08004238   Section        8  rt_locale_intlibspace.o(.text)
    .text                                    0x08004240   Section        0  _printf_fp_infnan.o(.text)
    .text                                    0x080042c0   Section        0  bigflt0.o(.text)
    .text                                    0x080043a4   Section        0  exit.o(.text)
    .text                                    0x080043b8   Section        8  libspace.o(.text)
    .text                                    0x080043c0   Section      128  strcmpv7m.o(.text)
    .text                                    0x08004440   Section        0  sys_exit.o(.text)
    CL$$btod_d2e                             0x0800444c   Section       62  btod.o(CL$$btod_d2e)
    CL$$btod_d2e_denorm_low                  0x0800448a   Section       70  btod.o(CL$$btod_d2e_denorm_low)
    CL$$btod_d2e_norm_op1                    0x080044d0   Section       96  btod.o(CL$$btod_d2e_norm_op1)
    CL$$btod_div_common                      0x08004530   Section      824  btod.o(CL$$btod_div_common)
    CL$$btod_e2e                             0x08004868   Section      220  btod.o(CL$$btod_e2e)
    CL$$btod_ediv                            0x08004944   Section       42  btod.o(CL$$btod_ediv)
    CL$$btod_emul                            0x0800496e   Section       42  btod.o(CL$$btod_emul)
    CL$$btod_mult_common                     0x08004998   Section      580  btod.o(CL$$btod_mult_common)
    i.__ARM_fpclassify                       0x08004bdc   Section        0  fpclassify.o(i.__ARM_fpclassify)
    i._is_digit                              0x08004c04   Section        0  __printf_wp.o(i._is_digit)
    locale$$code                             0x08004c14   Section       44  lc_numeric_c.o(locale$$code)
    locale$$code                             0x08004c40   Section       44  lc_ctype_c.o(locale$$code)
    x$fpl$fadd                               0x08004c6c   Section      196  faddsub_clz.o(x$fpl$fadd)
    _fadd1                                   0x08004c7b   Thumb Code     0  faddsub_clz.o(x$fpl$fadd)
    x$fpl$fcmpinf                            0x08004d30   Section       24  fcmpi.o(x$fpl$fcmpinf)
    x$fpl$fdiv                               0x08004d48   Section      388  fdiv.o(x$fpl$fdiv)
    _fdiv1                                   0x08004d49   Thumb Code     0  fdiv.o(x$fpl$fdiv)
    x$fpl$ffltu                              0x08004ecc   Section       38  fflt_clz.o(x$fpl$ffltu)
    x$fpl$fleqf                              0x08004ef4   Section      104  fleqf.o(x$fpl$fleqf)
    x$fpl$fmul                               0x08004f5c   Section      258  fmul.o(x$fpl$fmul)
    x$fpl$fnaninf                            0x0800505e   Section      140  fnaninf.o(x$fpl$fnaninf)
    x$fpl$fretinf                            0x080050ea   Section       10  fretinf.o(x$fpl$fretinf)
    x$fpl$frleqf                             0x080050f4   Section       98  frleqf.o(x$fpl$frleqf)
    x$fpl$fsub                               0x08005158   Section      234  faddsub_clz.o(x$fpl$fsub)
    _fsub1                                   0x08005167   Thumb Code     0  faddsub_clz.o(x$fpl$fsub)
    x$fpl$usenofp                            0x08005242   Section        0  usenofp.o(x$fpl$usenofp)
    .constdata                               0x08005244   Section        8  _printf_wctomb.o(.constdata)
    initial_mbstate                          0x08005244   Data           8  _printf_wctomb.o(.constdata)
    .constdata                               0x0800524c   Section       40  _printf_hex_int_ll_ptr.o(.constdata)
    uc_hextab                                0x0800524c   Data          20  _printf_hex_int_ll_ptr.o(.constdata)
    lc_hextab                                0x08005260   Data          20  _printf_hex_int_ll_ptr.o(.constdata)
    .constdata                               0x08005274   Section       17  __printf_flags_ss_wp.o(.constdata)
    maptable                                 0x08005274   Data          17  __printf_flags_ss_wp.o(.constdata)
    .constdata                               0x08005288   Section      148  bigflt0.o(.constdata)
    tenpwrs_x                                0x08005288   Data          60  bigflt0.o(.constdata)
    tenpwrs_i                                0x080052c4   Data          64  bigflt0.o(.constdata)
    locale$$data                             0x0800533c   Section       28  lc_numeric_c.o(locale$$data)
    __lcnum_c_name                           0x08005340   Data           2  lc_numeric_c.o(locale$$data)
    __lcnum_c_start                          0x08005348   Data           0  lc_numeric_c.o(locale$$data)
    __lcnum_c_point                          0x08005354   Data           0  lc_numeric_c.o(locale$$data)
    __lcnum_c_thousands                      0x08005356   Data           0  lc_numeric_c.o(locale$$data)
    __lcnum_c_grouping                       0x08005357   Data           0  lc_numeric_c.o(locale$$data)
    locale$$data                             0x08005358   Section      272  lc_ctype_c.o(locale$$data)
    __lcnum_c_end                            0x08005358   Data           0  lc_numeric_c.o(locale$$data)
    __lcctype_c_name                         0x0800535c   Data           2  lc_ctype_c.o(locale$$data)
    __lcctype_c_start                        0x08005364   Data           0  lc_ctype_c.o(locale$$data)
    __lcctype_c_end                          0x08005468   Data           0  lc_ctype_c.o(locale$$data)
    .data                                    0x20000000   Section       20  stm32f10x_rcc.o(.data)
    APBAHBPrescTable                         0x20000000   Data          16  stm32f10x_rcc.o(.data)
    ADCPrescTable                            0x20000010   Data           4  stm32f10x_rcc.o(.data)
    .data                                    0x20000014   Section        3  gs_bsp.o(.data)
    status                                   0x20000014   Data           1  gs_bsp.o(.data)
    status                                   0x20000015   Data           1  gs_bsp.o(.data)
    status                                   0x20000016   Data           1  gs_bsp.o(.data)
    .data                                    0x20000017   Section       32  gs_global_para.o(.data)
    .data                                    0x20000037   Section       10  gs_harmful_gas_detector.o(.data)
    status                                   0x20000037   Data           1  gs_harmful_gas_detector.o(.data)
    num                                      0x20000038   Data           1  gs_harmful_gas_detector.o(.data)
    s                                        0x20000039   Data           8  gs_harmful_gas_detector.o(.data)
    .data                                    0x20000044   Section       20  system_stm32f10x.o(.data)
    .bss                                     0x20000058   Section     2196  gs_global_para.o(.bss)
    .bss                                     0x200008ec   Section       96  libspace.o(.bss)
    HEAP                                     0x20000950   Section     4096  startup_stm32f10x_cl.o(HEAP)
    Heap_Mem                                 0x20000950   Data        4096  startup_stm32f10x_cl.o(HEAP)
    STACK                                    0x20001950   Section     8192  startup_stm32f10x_cl.o(STACK)
    Stack_Mem                                0x20001950   Data        8192  startup_stm32f10x_cl.o(STACK)
    __initial_sp                             0x20003950   Data           0  startup_stm32f10x_cl.o(STACK)

    Global Symbols

    Symbol Name                              Value     Ov Type        Size  Object(Section)

    BuildAttributes$$THM_ISAv4$P$D$K$B$S$PE$A:L22UL41UL21$X:L11$S22US41US21$IEEE1$IW$USESV6$~STKCKD$USESV7$~SHL$OTIME$ROPI$IEEEJ$EBA8$UX$STANDARDLIB$REQ8$PRES8$EABIv2 0x00000000   Number         0  anon$$obj.o ABSOLUTE
    __ARM_use_no_argv                        0x00000000   Number         0  main.o ABSOLUTE
    _printf_flags                            0x00000000   Number         0  printf_stubs.o ABSOLUTE
    _printf_return_value                     0x00000000   Number         0  printf_stubs.o ABSOLUTE
    _printf_sizespec                         0x00000000   Number         0  printf_stubs.o ABSOLUTE
    _printf_widthprec                        0x00000000   Number         0  printf_stubs.o ABSOLUTE
    __ARM_exceptions_init                     - Undefined Weak Reference
    __alloca_initialize                       - Undefined Weak Reference
    __arm_preinit_                            - Undefined Weak Reference
    __cpp_initialize__aeabi_                  - Undefined Weak Reference
    __cxa_finalize                            - Undefined Weak Reference
    __sigvec_lookup                           - Undefined Weak Reference
    _atexit_init                              - Undefined Weak Reference
    _call_atexit_fns                          - Undefined Weak Reference
    _clock_init                               - Undefined Weak Reference
    _fp_trap_init                             - Undefined Weak Reference
    _fp_trap_shutdown                         - Undefined Weak Reference
    _get_lc_collate                           - Undefined Weak Reference
    _get_lc_monetary                          - Undefined Weak Reference
    _get_lc_time                              - Undefined Weak Reference
    _getenv_init                              - Undefined Weak Reference
    _handle_redirection                       - Undefined Weak Reference
    _init_alloc                               - Undefined Weak Reference
    _init_user_alloc                          - Undefined Weak Reference
    _initio                                   - Undefined Weak Reference
    _printf_fp_hex                            - Undefined Weak Reference
    _printf_mbtowc                            - Undefined Weak Reference
    _printf_wc                                - Undefined Weak Reference
    _rand_init                                - Undefined Weak Reference
    _signal_finish                            - Undefined Weak Reference
    _signal_init                              - Undefined Weak Reference
    _terminate_alloc                          - Undefined Weak Reference
    _terminate_user_alloc                     - Undefined Weak Reference
    _terminateio                              - Undefined Weak Reference
    __Vectors_Size                           0x00000150   Number         0  startup_stm32f10x_cl.o ABSOLUTE
    __Vectors                                0x08000000   Data           4  startup_stm32f10x_cl.o(RESET)
    __Vectors_End                            0x08000150   Data           0  startup_stm32f10x_cl.o(RESET)
    __main                                   0x08000151   Thumb Code     8  __main.o(!!!main)
    __scatterload                            0x08000159   Thumb Code     0  __scatter.o(!!!scatter)
    __scatterload_rt2                        0x08000159   Thumb Code    44  __scatter.o(!!!scatter)
    __scatterload_rt2_thumb_only             0x08000159   Thumb Code     0  __scatter.o(!!!scatter)
    __scatterload_null                       0x08000167   Thumb Code     0  __scatter.o(!!!scatter)
    __scatterload_copy                       0x0800018d   Thumb Code    26  __scatter_copy.o(!!handler_copy)
    __scatterload_zeroinit                   0x080001a9   Thumb Code    28  __scatter_zi.o(!!handler_zi)
    _printf_n                                0x080001c5   Thumb Code     0  _printf_n.o(.ARM.Collect$$_printf_percent$$00000001)
    _printf_percent                          0x080001c5   Thumb Code     0  _printf_percent.o(.ARM.Collect$$_printf_percent$$00000000)
    _printf_p                                0x080001cb   Thumb Code     0  _printf_p.o(.ARM.Collect$$_printf_percent$$00000002)
    _printf_f                                0x080001d1   Thumb Code     0  _printf_f.o(.ARM.Collect$$_printf_percent$$00000003)
    _printf_e                                0x080001d7   Thumb Code     0  _printf_e.o(.ARM.Collect$$_printf_percent$$00000004)
    _printf_g                                0x080001dd   Thumb Code     0  _printf_g.o(.ARM.Collect$$_printf_percent$$00000005)
    _printf_a                                0x080001e3   Thumb Code     0  _printf_a.o(.ARM.Collect$$_printf_percent$$00000006)
    _printf_ll                               0x080001e9   Thumb Code     0  _printf_ll.o(.ARM.Collect$$_printf_percent$$00000007)
    _printf_i                                0x080001f3   Thumb Code     0  _printf_i.o(.ARM.Collect$$_printf_percent$$00000008)
    _printf_d                                0x080001f9   Thumb Code     0  _printf_d.o(.ARM.Collect$$_printf_percent$$00000009)
    _printf_u                                0x080001ff   Thumb Code     0  _printf_u.o(.ARM.Collect$$_printf_percent$$0000000A)
    _printf_o                                0x08000205   Thumb Code     0  _printf_o.o(.ARM.Collect$$_printf_percent$$0000000B)
    _printf_x                                0x0800020b   Thumb Code     0  _printf_x.o(.ARM.Collect$$_printf_percent$$0000000C)
    _printf_lli                              0x08000211   Thumb Code     0  _printf_lli.o(.ARM.Collect$$_printf_percent$$0000000D)
    _printf_lld                              0x08000217   Thumb Code     0  _printf_lld.o(.ARM.Collect$$_printf_percent$$0000000E)
    _printf_llu                              0x0800021d   Thumb Code     0  _printf_llu.o(.ARM.Collect$$_printf_percent$$0000000F)
    _printf_llo                              0x08000223   Thumb Code     0  _printf_llo.o(.ARM.Collect$$_printf_percent$$00000010)
    _printf_llx                              0x08000229   Thumb Code     0  _printf_llx.o(.ARM.Collect$$_printf_percent$$00000011)
    _printf_l                                0x0800022f   Thumb Code     0  _printf_l.o(.ARM.Collect$$_printf_percent$$00000012)
    _printf_c                                0x08000239   Thumb Code     0  _printf_c.o(.ARM.Collect$$_printf_percent$$00000013)
    _printf_s                                0x0800023f   Thumb Code     0  _printf_s.o(.ARM.Collect$$_printf_percent$$00000014)
    _printf_lc                               0x08000245   Thumb Code     0  _printf_lc.o(.ARM.Collect$$_printf_percent$$00000015)
    _printf_ls                               0x0800024b   Thumb Code     0  _printf_ls.o(.ARM.Collect$$_printf_percent$$00000016)
    _printf_percent_end                      0x08000251   Thumb Code     0  _printf_percent_end.o(.ARM.Collect$$_printf_percent$$00000017)
    __rt_lib_init                            0x08000255   Thumb Code     0  libinit.o(.ARM.Collect$$libinit$$00000000)
    __rt_lib_init_fp_1                       0x08000257   Thumb Code     0  libinit2.o(.ARM.Collect$$libinit$$00000002)
    __rt_lib_init_heap_1                     0x08000257   Thumb Code     0  libinit2.o(.ARM.Collect$$libinit$$0000000A)
    __rt_lib_init_lc_common                  0x08000257   Thumb Code     0  libinit2.o(.ARM.Collect$$libinit$$0000000F)
    __rt_lib_init_preinit_1                  0x08000257   Thumb Code     0  libinit2.o(.ARM.Collect$$libinit$$00000004)
    __rt_lib_init_rand_1                     0x08000257   Thumb Code     0  libinit2.o(.ARM.Collect$$libinit$$0000000E)
    __rt_lib_init_user_alloc_1               0x08000257   Thumb Code     0  libinit2.o(.ARM.Collect$$libinit$$0000000C)
    __rt_lib_init_lc_collate_1               0x0800025d   Thumb Code     0  libinit2.o(.ARM.Collect$$libinit$$00000011)
    __rt_lib_init_lc_ctype_2                 0x0800025d   Thumb Code     0  libinit2.o(.ARM.Collect$$libinit$$00000012)
    __rt_lib_init_lc_ctype_1                 0x08000269   Thumb Code     0  libinit2.o(.ARM.Collect$$libinit$$00000013)
    __rt_lib_init_lc_monetary_1              0x08000269   Thumb Code     0  libinit2.o(.ARM.Collect$$libinit$$00000015)
    __rt_lib_init_lc_numeric_2               0x08000269   Thumb Code     0  libinit2.o(.ARM.Collect$$libinit$$00000016)
    __rt_lib_init_alloca_1                   0x08000273   Thumb Code     0  libinit2.o(.ARM.Collect$$libinit$$0000002E)
    __rt_lib_init_argv_1                     0x08000273   Thumb Code     0  libinit2.o(.ARM.Collect$$libinit$$0000002C)
    __rt_lib_init_atexit_1                   0x08000273   Thumb Code     0  libinit2.o(.ARM.Collect$$libinit$$0000001B)
    __rt_lib_init_clock_1                    0x08000273   Thumb Code     0  libinit2.o(.ARM.Collect$$libinit$$00000021)
    __rt_lib_init_cpp_1                      0x08000273   Thumb Code     0  libinit2.o(.ARM.Collect$$libinit$$00000032)
    __rt_lib_init_exceptions_1               0x08000273   Thumb Code     0  libinit2.o(.ARM.Collect$$libinit$$00000030)
    __rt_lib_init_fp_trap_1                  0x08000273   Thumb Code     0  libinit2.o(.ARM.Collect$$libinit$$0000001F)
    __rt_lib_init_getenv_1                   0x08000273   Thumb Code     0  libinit2.o(.ARM.Collect$$libinit$$00000023)
    __rt_lib_init_lc_numeric_1               0x08000273   Thumb Code     0  libinit2.o(.ARM.Collect$$libinit$$00000017)
    __rt_lib_init_lc_time_1                  0x08000273   Thumb Code     0  libinit2.o(.ARM.Collect$$libinit$$00000019)
    __rt_lib_init_return                     0x08000273   Thumb Code     0  libinit2.o(.ARM.Collect$$libinit$$00000033)
    __rt_lib_init_signal_1                   0x08000273   Thumb Code     0  libinit2.o(.ARM.Collect$$libinit$$0000001D)
    __rt_lib_init_stdio_1                    0x08000273   Thumb Code     0  libinit2.o(.ARM.Collect$$libinit$$00000025)
    __rt_lib_shutdown                        0x08000275   Thumb Code     0  libshutdown.o(.ARM.Collect$$libshutdown$$00000000)
    __rt_lib_shutdown_cpp_1                  0x08000277   Thumb Code     0  libshutdown2.o(.ARM.Collect$$libshutdown$$00000002)
    __rt_lib_shutdown_fp_trap_1              0x08000277   Thumb Code     0  libshutdown2.o(.ARM.Collect$$libshutdown$$00000007)
    __rt_lib_shutdown_heap_1                 0x08000277   Thumb Code     0  libshutdown2.o(.ARM.Collect$$libshutdown$$0000000F)
    __rt_lib_shutdown_return                 0x08000277   Thumb Code     0  libshutdown2.o(.ARM.Collect$$libshutdown$$00000010)
    __rt_lib_shutdown_signal_1               0x08000277   Thumb Code     0  libshutdown2.o(.ARM.Collect$$libshutdown$$0000000A)
    __rt_lib_shutdown_stdio_1                0x08000277   Thumb Code     0  libshutdown2.o(.ARM.Collect$$libshutdown$$00000004)
    __rt_lib_shutdown_user_alloc_1           0x08000277   Thumb Code     0  libshutdown2.o(.ARM.Collect$$libshutdown$$0000000C)
    __rt_entry                               0x08000279   Thumb Code     0  __rtentry.o(.ARM.Collect$$rtentry$$00000000)
    __rt_entry_presh_1                       0x08000279   Thumb Code     0  __rtentry2.o(.ARM.Collect$$rtentry$$00000002)
    __rt_entry_sh                            0x08000279   Thumb Code     0  __rtentry4.o(.ARM.Collect$$rtentry$$00000004)
    __rt_entry_li                            0x0800027f   Thumb Code     0  __rtentry2.o(.ARM.Collect$$rtentry$$0000000A)
    __rt_entry_postsh_1                      0x0800027f   Thumb Code     0  __rtentry2.o(.ARM.Collect$$rtentry$$00000009)
    __rt_entry_main                          0x08000283   Thumb Code     0  __rtentry2.o(.ARM.Collect$$rtentry$$0000000D)
    __rt_entry_postli_1                      0x08000283   Thumb Code     0  __rtentry2.o(.ARM.Collect$$rtentry$$0000000C)
    __rt_exit                                0x0800028b   Thumb Code     0  rtexit.o(.ARM.Collect$$rtexit$$00000000)
    __rt_exit_ls                             0x0800028d   Thumb Code     0  rtexit2.o(.ARM.Collect$$rtexit$$00000003)
    __rt_exit_prels_1                        0x0800028d   Thumb Code     0  rtexit2.o(.ARM.Collect$$rtexit$$00000002)
    __rt_exit_exit                           0x08000291   Thumb Code     0  rtexit2.o(.ARM.Collect$$rtexit$$00000004)
    Reset_Handler                            0x08000299   Thumb Code     8  startup_stm32f10x_cl.o(.text)
    ADC1_2_IRQHandler                        0x080002b3   Thumb Code     0  startup_stm32f10x_cl.o(.text)
    CAN1_RX0_IRQHandler                      0x080002b3   Thumb Code     0  startup_stm32f10x_cl.o(.text)
    CAN1_RX1_IRQHandler                      0x080002b3   Thumb Code     0  startup_stm32f10x_cl.o(.text)
    CAN1_SCE_IRQHandler                      0x080002b3   Thumb Code     0  startup_stm32f10x_cl.o(.text)
    CAN1_TX_IRQHandler                       0x080002b3   Thumb Code     0  startup_stm32f10x_cl.o(.text)
    CAN2_RX0_IRQHandler                      0x080002b3   Thumb Code     0  startup_stm32f10x_cl.o(.text)
    CAN2_RX1_IRQHandler                      0x080002b3   Thumb Code     0  startup_stm32f10x_cl.o(.text)
    CAN2_SCE_IRQHandler                      0x080002b3   Thumb Code     0  startup_stm32f10x_cl.o(.text)
    CAN2_TX_IRQHandler                       0x080002b3   Thumb Code     0  startup_stm32f10x_cl.o(.text)
    DMA1_Channel3_IRQHandler                 0x080002b3   Thumb Code     0  startup_stm32f10x_cl.o(.text)
    DMA1_Channel5_IRQHandler                 0x080002b3   Thumb Code     0  startup_stm32f10x_cl.o(.text)
    DMA1_Channel6_IRQHandler                 0x080002b3   Thumb Code     0  startup_stm32f10x_cl.o(.text)
    DMA1_Channel7_IRQHandler                 0x080002b3   Thumb Code     0  startup_stm32f10x_cl.o(.text)
    DMA2_Channel1_IRQHandler                 0x080002b3   Thumb Code     0  startup_stm32f10x_cl.o(.text)
    DMA2_Channel2_IRQHandler                 0x080002b3   Thumb Code     0  startup_stm32f10x_cl.o(.text)
    DMA2_Channel3_IRQHandler                 0x080002b3   Thumb Code     0  startup_stm32f10x_cl.o(.text)
    DMA2_Channel4_IRQHandler                 0x080002b3   Thumb Code     0  startup_stm32f10x_cl.o(.text)
    DMA2_Channel5_IRQHandler                 0x080002b3   Thumb Code     0  startup_stm32f10x_cl.o(.text)
    ETH_IRQHandler                           0x080002b3   Thumb Code     0  startup_stm32f10x_cl.o(.text)
    ETH_WKUP_IRQHandler                      0x080002b3   Thumb Code     0  startup_stm32f10x_cl.o(.text)
    EXTI0_IRQHandler                         0x080002b3   Thumb Code     0  startup_stm32f10x_cl.o(.text)
    EXTI15_10_IRQHandler                     0x080002b3   Thumb Code     0  startup_stm32f10x_cl.o(.text)
    EXTI1_IRQHandler                         0x080002b3   Thumb Code     0  startup_stm32f10x_cl.o(.text)
    EXTI2_IRQHandler                         0x080002b3   Thumb Code     0  startup_stm32f10x_cl.o(.text)
    EXTI3_IRQHandler                         0x080002b3   Thumb Code     0  startup_stm32f10x_cl.o(.text)
    EXTI4_IRQHandler                         0x080002b3   Thumb Code     0  startup_stm32f10x_cl.o(.text)
    EXTI9_5_IRQHandler                       0x080002b3   Thumb Code     0  startup_stm32f10x_cl.o(.text)
    FLASH_IRQHandler                         0x080002b3   Thumb Code     0  startup_stm32f10x_cl.o(.text)
    I2C1_ER_IRQHandler                       0x080002b3   Thumb Code     0  startup_stm32f10x_cl.o(.text)
    I2C1_EV_IRQHandler                       0x080002b3   Thumb Code     0  startup_stm32f10x_cl.o(.text)
    I2C2_ER_IRQHandler                       0x080002b3   Thumb Code     0  startup_stm32f10x_cl.o(.text)
    I2C2_EV_IRQHandler                       0x080002b3   Thumb Code     0  startup_stm32f10x_cl.o(.text)
    OTG_FS_IRQHandler                        0x080002b3   Thumb Code     0  startup_stm32f10x_cl.o(.text)
    OTG_FS_WKUP_IRQHandler                   0x080002b3   Thumb Code     0  startup_stm32f10x_cl.o(.text)
    PVD_IRQHandler                           0x080002b3   Thumb Code     0  startup_stm32f10x_cl.o(.text)
    RCC_IRQHandler                           0x080002b3   Thumb Code     0  startup_stm32f10x_cl.o(.text)
    RTCAlarm_IRQHandler                      0x080002b3   Thumb Code     0  startup_stm32f10x_cl.o(.text)
    RTC_IRQHandler                           0x080002b3   Thumb Code     0  startup_stm32f10x_cl.o(.text)
    SPI1_IRQHandler                          0x080002b3   Thumb Code     0  startup_stm32f10x_cl.o(.text)
    SPI2_IRQHandler                          0x080002b3   Thumb Code     0  startup_stm32f10x_cl.o(.text)
    SPI3_IRQHandler                          0x080002b3   Thumb Code     0  startup_stm32f10x_cl.o(.text)
    TAMPER_IRQHandler                        0x080002b3   Thumb Code     0  startup_stm32f10x_cl.o(.text)
    TIM1_BRK_IRQHandler                      0x080002b3   Thumb Code     0  startup_stm32f10x_cl.o(.text)
    TIM1_CC_IRQHandler                       0x080002b3   Thumb Code     0  startup_stm32f10x_cl.o(.text)
    TIM1_TRG_COM_IRQHandler                  0x080002b3   Thumb Code     0  startup_stm32f10x_cl.o(.text)
    TIM1_UP_IRQHandler                       0x080002b3   Thumb Code     0  startup_stm32f10x_cl.o(.text)
    TIM2_IRQHandler                          0x080002b3   Thumb Code     0  startup_stm32f10x_cl.o(.text)
    TIM3_IRQHandler                          0x080002b3   Thumb Code     0  startup_stm32f10x_cl.o(.text)
    TIM4_IRQHandler                          0x080002b3   Thumb Code     0  startup_stm32f10x_cl.o(.text)
    TIM5_IRQHandler                          0x080002b3   Thumb Code     0  startup_stm32f10x_cl.o(.text)
    TIM6_IRQHandler                          0x080002b3   Thumb Code     0  startup_stm32f10x_cl.o(.text)
    TIM7_IRQHandler                          0x080002b3   Thumb Code     0  startup_stm32f10x_cl.o(.text)
    UART4_IRQHandler                         0x080002b3   Thumb Code     0  startup_stm32f10x_cl.o(.text)
    UART5_IRQHandler                         0x080002b3   Thumb Code     0  startup_stm32f10x_cl.o(.text)
    USART2_IRQHandler                        0x080002b3   Thumb Code     0  startup_stm32f10x_cl.o(.text)
    WWDG_IRQHandler                          0x080002b3   Thumb Code     0  startup_stm32f10x_cl.o(.text)
    __user_initial_stackheap                 0x080002b5   Thumb Code     0  startup_stm32f10x_cl.o(.text)
    NVIC_PriorityGroupConfig                 0x080002d9   Thumb Code    10  misc.o(.text)
    NVIC_Init                                0x080002e3   Thumb Code   100  misc.o(.text)
    NVIC_SetVectorTable                      0x08000347   Thumb Code    14  misc.o(.text)
    NVIC_SystemLPConfig                      0x08000355   Thumb Code    34  misc.o(.text)
    SysTick_CLKSourceConfig                  0x08000377   Thumb Code    40  misc.o(.text)
    ADC_DeInit                               0x080003b5   Thumb Code    78  stm32f10x_adc.o(.text)
    ADC_Init                                 0x08000403   Thumb Code    70  stm32f10x_adc.o(.text)
    ADC_StructInit                           0x08000449   Thumb Code    18  stm32f10x_adc.o(.text)
    ADC_Cmd                                  0x0800045b   Thumb Code    22  stm32f10x_adc.o(.text)
    ADC_DMACmd                               0x08000471   Thumb Code    22  stm32f10x_adc.o(.text)
    ADC_ITConfig                             0x08000487   Thumb Code    24  stm32f10x_adc.o(.text)
    ADC_ResetCalibration                     0x0800049f   Thumb Code    10  stm32f10x_adc.o(.text)
    ADC_GetResetCalibrationStatus            0x080004a9   Thumb Code    20  stm32f10x_adc.o(.text)
    ADC_StartCalibration                     0x080004bd   Thumb Code    10  stm32f10x_adc.o(.text)
    ADC_GetCalibrationStatus                 0x080004c7   Thumb Code    20  stm32f10x_adc.o(.text)
    ADC_SoftwareStartConvCmd                 0x080004db   Thumb Code    22  stm32f10x_adc.o(.text)
    ADC_GetSoftwareStartConvStatus           0x080004f1   Thumb Code    20  stm32f10x_adc.o(.text)
    ADC_DiscModeChannelCountConfig           0x08000505   Thumb Code    24  stm32f10x_adc.o(.text)
    ADC_DiscModeCmd                          0x0800051d   Thumb Code    22  stm32f10x_adc.o(.text)
    ADC_RegularChannelConfig                 0x08000533   Thumb Code   184  stm32f10x_adc.o(.text)
    ADC_ExternalTrigConvCmd                  0x080005eb   Thumb Code    22  stm32f10x_adc.o(.text)
    ADC_GetConversionValue                   0x08000601   Thumb Code     8  stm32f10x_adc.o(.text)
    ADC_GetDualModeConversionValue           0x08000609   Thumb Code     8  stm32f10x_adc.o(.text)
    ADC_AutoInjectedConvCmd                  0x08000611   Thumb Code    22  stm32f10x_adc.o(.text)
    ADC_InjectedDiscModeCmd                  0x08000627   Thumb Code    22  stm32f10x_adc.o(.text)
    ADC_ExternalTrigInjectedConvConfig       0x0800063d   Thumb Code    16  stm32f10x_adc.o(.text)
    ADC_ExternalTrigInjectedConvCmd          0x0800064d   Thumb Code    22  stm32f10x_adc.o(.text)
    ADC_SoftwareStartInjectedConvCmd         0x08000663   Thumb Code    22  stm32f10x_adc.o(.text)
    ADC_GetSoftwareStartInjectedConvCmdStatus 0x08000679   Thumb Code    20  stm32f10x_adc.o(.text)
    ADC_InjectedChannelConfig                0x0800068d   Thumb Code   130  stm32f10x_adc.o(.text)
    ADC_InjectedSequencerLengthConfig        0x0800070f   Thumb Code    24  stm32f10x_adc.o(.text)
    ADC_SetInjectedOffset                    0x08000727   Thumb Code    20  stm32f10x_adc.o(.text)
    ADC_GetInjectedConversionValue           0x0800073b   Thumb Code    28  stm32f10x_adc.o(.text)
    ADC_AnalogWatchdogCmd                    0x08000757   Thumb Code    16  stm32f10x_adc.o(.text)
    ADC_AnalogWatchdogThresholdsConfig       0x08000767   Thumb Code     6  stm32f10x_adc.o(.text)
    ADC_AnalogWatchdogSingleChannelConfig    0x0800076d   Thumb Code    16  stm32f10x_adc.o(.text)
    ADC_TempSensorVrefintCmd                 0x0800077d   Thumb Code    64  stm32f10x_adc.o(.text)
    ADC_GetFlagStatus                        0x080007bd   Thumb Code    18  stm32f10x_adc.o(.text)
    ADC_ClearFlag                            0x080007cf   Thumb Code     6  stm32f10x_adc.o(.text)
    ADC_GetITStatus                          0x080007d5   Thumb Code    36  stm32f10x_adc.o(.text)
    ADC_ClearITPendingBit                    0x080007f9   Thumb Code    10  stm32f10x_adc.o(.text)
    DMA_DeInit                               0x08000805   Thumb Code   324  stm32f10x_dma.o(.text)
    DMA_Init                                 0x08000949   Thumb Code    60  stm32f10x_dma.o(.text)
    DMA_StructInit                           0x08000985   Thumb Code    26  stm32f10x_dma.o(.text)
    DMA_Cmd                                  0x0800099f   Thumb Code    24  stm32f10x_dma.o(.text)
    DMA_ITConfig                             0x080009b7   Thumb Code    18  stm32f10x_dma.o(.text)
    DMA_SetCurrDataCounter                   0x080009c9   Thumb Code     4  stm32f10x_dma.o(.text)
    DMA_GetCurrDataCounter                   0x080009cd   Thumb Code     8  stm32f10x_dma.o(.text)
    DMA_GetFlagStatus                        0x080009d5   Thumb Code    40  stm32f10x_dma.o(.text)
    DMA_ClearFlag                            0x080009fd   Thumb Code    22  stm32f10x_dma.o(.text)
    DMA_GetITStatus                          0x08000a13   Thumb Code    40  stm32f10x_dma.o(.text)
    DMA_ClearITPendingBit                    0x08000a3b   Thumb Code    22  stm32f10x_dma.o(.text)
    FLASH_SetLatency                         0x08000a59   Thumb Code    18  stm32f10x_flash.o(.text)
    FLASH_HalfCycleAccessCmd                 0x08000a6b   Thumb Code    22  stm32f10x_flash.o(.text)
    FLASH_PrefetchBufferCmd                  0x08000a81   Thumb Code    22  stm32f10x_flash.o(.text)
    FLASH_Unlock                             0x08000a97   Thumb Code    12  stm32f10x_flash.o(.text)
    FLASH_UnlockBank1                        0x08000aa3   Thumb Code    12  stm32f10x_flash.o(.text)
    FLASH_Lock                               0x08000aaf   Thumb Code    14  stm32f10x_flash.o(.text)
    FLASH_LockBank1                          0x08000abd   Thumb Code    14  stm32f10x_flash.o(.text)
    FLASH_GetBank1Status                     0x08000acb   Thumb Code    48  stm32f10x_flash.o(.text)
    FLASH_WaitForLastOperation               0x08000afb   Thumb Code    38  stm32f10x_flash.o(.text)
    FLASH_ErasePage                          0x08000b21   Thumb Code    72  stm32f10x_flash.o(.text)
    FLASH_EraseAllPages                      0x08000b69   Thumb Code    68  stm32f10x_flash.o(.text)
    FLASH_WaitForLastBank1Operation          0x08000bad   Thumb Code    38  stm32f10x_flash.o(.text)
    FLASH_EraseAllBank1Pages                 0x08000bd3   Thumb Code    68  stm32f10x_flash.o(.text)
    FLASH_GetReadOutProtectionStatus         0x08000c17   Thumb Code    20  stm32f10x_flash.o(.text)
    FLASH_EraseOptionBytes                   0x08000c2b   Thumb Code   150  stm32f10x_flash.o(.text)
    FLASH_ProgramWord                        0x08000cc1   Thumb Code   102  stm32f10x_flash.o(.text)
    FLASH_ProgramHalfWord                    0x08000d27   Thumb Code    60  stm32f10x_flash.o(.text)
    FLASH_ProgramOptionByteData              0x08000d63   Thumb Code    72  stm32f10x_flash.o(.text)
    FLASH_EnableWriteProtection              0x08000dab   Thumb Code   200  stm32f10x_flash.o(.text)
    FLASH_ReadOutProtection                  0x08000e73   Thumb Code   156  stm32f10x_flash.o(.text)
    FLASH_UserOptionByteConfig               0x08000f0f   Thumb Code    88  stm32f10x_flash.o(.text)
    FLASH_GetUserOptionByte                  0x08000f67   Thumb Code     8  stm32f10x_flash.o(.text)
    FLASH_GetWriteProtectionOptionByte       0x08000f6f   Thumb Code     6  stm32f10x_flash.o(.text)
    FLASH_GetPrefetchBufferStatus            0x08000f75   Thumb Code    20  stm32f10x_flash.o(.text)
    FLASH_ITConfig                           0x08000f89   Thumb Code    26  stm32f10x_flash.o(.text)
    FLASH_GetFlagStatus                      0x08000fa3   Thumb Code    42  stm32f10x_flash.o(.text)
    FLASH_ClearFlag                          0x08000fcd   Thumb Code     6  stm32f10x_flash.o(.text)
    FLASH_GetStatus                          0x08000fd3   Thumb Code    48  stm32f10x_flash.o(.text)
    GPIO_DeInit                              0x08001015   Thumb Code   172  stm32f10x_gpio.o(.text)
    GPIO_AFIODeInit                          0x080010c1   Thumb Code    20  stm32f10x_gpio.o(.text)
    GPIO_Init                                0x080010d5   Thumb Code   278  stm32f10x_gpio.o(.text)
    GPIO_StructInit                          0x080011eb   Thumb Code    16  stm32f10x_gpio.o(.text)
    GPIO_ReadInputDataBit                    0x080011fb   Thumb Code    18  stm32f10x_gpio.o(.text)
    GPIO_ReadInputData                       0x0800120d   Thumb Code     8  stm32f10x_gpio.o(.text)
    GPIO_ReadOutputDataBit                   0x08001215   Thumb Code    18  stm32f10x_gpio.o(.text)
    GPIO_ReadOutputData                      0x08001227   Thumb Code     8  stm32f10x_gpio.o(.text)
    GPIO_SetBits                             0x0800122f   Thumb Code     4  stm32f10x_gpio.o(.text)
    GPIO_ResetBits                           0x08001233   Thumb Code     4  stm32f10x_gpio.o(.text)
    GPIO_WriteBit                            0x08001237   Thumb Code    10  stm32f10x_gpio.o(.text)
    GPIO_Write                               0x08001241   Thumb Code     4  stm32f10x_gpio.o(.text)
    GPIO_PinLockConfig                       0x08001245   Thumb Code    18  stm32f10x_gpio.o(.text)
    GPIO_EventOutputConfig                   0x08001257   Thumb Code    26  stm32f10x_gpio.o(.text)
    GPIO_EventOutputCmd                      0x08001271   Thumb Code     6  stm32f10x_gpio.o(.text)
    GPIO_PinRemapConfig                      0x08001277   Thumb Code   138  stm32f10x_gpio.o(.text)
    GPIO_EXTILineConfig                      0x08001301   Thumb Code    66  stm32f10x_gpio.o(.text)
    GPIO_ETH_MediaInterfaceConfig            0x08001343   Thumb Code     8  stm32f10x_gpio.o(.text)
    RCC_DeInit                               0x08001371   Thumb Code    78  stm32f10x_rcc.o(.text)
    RCC_HSEConfig                            0x080013bf   Thumb Code    70  stm32f10x_rcc.o(.text)
    RCC_GetFlagStatus                        0x08001405   Thumb Code    56  stm32f10x_rcc.o(.text)
    RCC_WaitForHSEStartUp                    0x0800143d   Thumb Code    56  stm32f10x_rcc.o(.text)
    RCC_AdjustHSICalibrationValue            0x08001475   Thumb Code    20  stm32f10x_rcc.o(.text)
    RCC_HSICmd                               0x08001489   Thumb Code     6  stm32f10x_rcc.o(.text)
    RCC_PLLConfig                            0x0800148f   Thumb Code    24  stm32f10x_rcc.o(.text)
    RCC_PLLCmd                               0x080014a7   Thumb Code     6  stm32f10x_rcc.o(.text)
    RCC_PREDIV1Config                        0x080014ad   Thumb Code    24  stm32f10x_rcc.o(.text)
    RCC_PREDIV2Config                        0x080014c5   Thumb Code    18  stm32f10x_rcc.o(.text)
    RCC_PLL2Config                           0x080014d7   Thumb Code    18  stm32f10x_rcc.o(.text)
    RCC_PLL2Cmd                              0x080014e9   Thumb Code     6  stm32f10x_rcc.o(.text)
    RCC_PLL3Config                           0x080014ef   Thumb Code    18  stm32f10x_rcc.o(.text)
    RCC_PLL3Cmd                              0x08001501   Thumb Code     6  stm32f10x_rcc.o(.text)
    RCC_SYSCLKConfig                         0x08001507   Thumb Code    18  stm32f10x_rcc.o(.text)
    RCC_GetSYSCLKSource                      0x08001519   Thumb Code    10  stm32f10x_rcc.o(.text)
    RCC_HCLKConfig                           0x08001523   Thumb Code    18  stm32f10x_rcc.o(.text)
    RCC_PCLK1Config                          0x08001535   Thumb Code    18  stm32f10x_rcc.o(.text)
    RCC_PCLK2Config                          0x08001547   Thumb Code    20  stm32f10x_rcc.o(.text)
    RCC_ITConfig                             0x0800155b   Thumb Code    26  stm32f10x_rcc.o(.text)
    RCC_OTGFSCLKConfig                       0x08001575   Thumb Code     8  stm32f10x_rcc.o(.text)
    RCC_ADCCLKConfig                         0x0800157d   Thumb Code    18  stm32f10x_rcc.o(.text)
    RCC_I2S2CLKConfig                        0x0800158f   Thumb Code     6  stm32f10x_rcc.o(.text)
    RCC_I2S3CLKConfig                        0x08001595   Thumb Code     8  stm32f10x_rcc.o(.text)
    RCC_LSEConfig                            0x0800159d   Thumb Code    50  stm32f10x_rcc.o(.text)
    RCC_LSICmd                               0x080015cf   Thumb Code     6  stm32f10x_rcc.o(.text)
    RCC_RTCCLKConfig                         0x080015d5   Thumb Code    12  stm32f10x_rcc.o(.text)
    RCC_RTCCLKCmd                            0x080015e1   Thumb Code     8  stm32f10x_rcc.o(.text)
    RCC_GetClocksFreq                        0x080015e9   Thumb Code   424  stm32f10x_rcc.o(.text)
    RCC_AHBPeriphClockCmd                    0x08001791   Thumb Code    26  stm32f10x_rcc.o(.text)
    RCC_APB2PeriphClockCmd                   0x080017ab   Thumb Code    26  stm32f10x_rcc.o(.text)
    RCC_APB1PeriphClockCmd                   0x080017c5   Thumb Code    26  stm32f10x_rcc.o(.text)
    RCC_AHBPeriphResetCmd                    0x080017df   Thumb Code    26  stm32f10x_rcc.o(.text)
    RCC_APB2PeriphResetCmd                   0x080017f9   Thumb Code    26  stm32f10x_rcc.o(.text)
    RCC_APB1PeriphResetCmd                   0x08001813   Thumb Code    26  stm32f10x_rcc.o(.text)
    RCC_BackupResetCmd                       0x0800182d   Thumb Code     6  stm32f10x_rcc.o(.text)
    RCC_ClockSecuritySystemCmd               0x08001833   Thumb Code     6  stm32f10x_rcc.o(.text)
    RCC_MCOConfig                            0x08001839   Thumb Code     6  stm32f10x_rcc.o(.text)
    RCC_ClearFlag                            0x0800183f   Thumb Code    14  stm32f10x_rcc.o(.text)
    RCC_GetITStatus                          0x0800184d   Thumb Code    20  stm32f10x_rcc.o(.text)
    RCC_ClearITPendingBit                    0x08001861   Thumb Code     6  stm32f10x_rcc.o(.text)
    USART_DeInit                             0x08001875   Thumb Code   134  stm32f10x_usart.o(.text)
    USART_Init                               0x080018fb   Thumb Code   210  stm32f10x_usart.o(.text)
    USART_StructInit                         0x080019cd   Thumb Code    24  stm32f10x_usart.o(.text)
    USART_ClockInit                          0x080019e5   Thumb Code    34  stm32f10x_usart.o(.text)
    USART_ClockStructInit                    0x08001a07   Thumb Code    12  stm32f10x_usart.o(.text)
    USART_Cmd                                0x08001a13   Thumb Code    24  stm32f10x_usart.o(.text)
    USART_ITConfig                           0x08001a2b   Thumb Code    74  stm32f10x_usart.o(.text)
    USART_DMACmd                             0x08001a75   Thumb Code    18  stm32f10x_usart.o(.text)
    USART_SetAddress                         0x08001a87   Thumb Code    18  stm32f10x_usart.o(.text)
    USART_WakeUpConfig                       0x08001a99   Thumb Code    18  stm32f10x_usart.o(.text)
    USART_ReceiverWakeUpCmd                  0x08001aab   Thumb Code    24  stm32f10x_usart.o(.text)
    USART_LINBreakDetectLengthConfig         0x08001ac3   Thumb Code    18  stm32f10x_usart.o(.text)
    USART_LINCmd                             0x08001ad5   Thumb Code    24  stm32f10x_usart.o(.text)
    USART_SendData                           0x08001aed   Thumb Code     8  stm32f10x_usart.o(.text)
    USART_ReceiveData                        0x08001af5   Thumb Code    10  stm32f10x_usart.o(.text)
    USART_SendBreak                          0x08001aff   Thumb Code    10  stm32f10x_usart.o(.text)
    USART_SetGuardTime                       0x08001b09   Thumb Code    16  stm32f10x_usart.o(.text)
    USART_SetPrescaler                       0x08001b19   Thumb Code    16  stm32f10x_usart.o(.text)
    USART_SmartCardCmd                       0x08001b29   Thumb Code    24  stm32f10x_usart.o(.text)
    USART_SmartCardNACKCmd                   0x08001b41   Thumb Code    24  stm32f10x_usart.o(.text)
    USART_HalfDuplexCmd                      0x08001b59   Thumb Code    24  stm32f10x_usart.o(.text)
    USART_OverSampling8Cmd                   0x08001b71   Thumb Code    22  stm32f10x_usart.o(.text)
    USART_OneBitMethodCmd                    0x08001b87   Thumb Code    24  stm32f10x_usart.o(.text)
    USART_IrDAConfig                         0x08001b9f   Thumb Code    18  stm32f10x_usart.o(.text)
    USART_IrDACmd                            0x08001bb1   Thumb Code    24  stm32f10x_usart.o(.text)
    USART_GetFlagStatus                      0x08001bc9   Thumb Code    26  stm32f10x_usart.o(.text)
    USART_ClearFlag                          0x08001be3   Thumb Code    18  stm32f10x_usart.o(.text)
    USART_GetITStatus                        0x08001bf5   Thumb Code    84  stm32f10x_usart.o(.text)
    USART_ClearITPendingBit                  0x08001c49   Thumb Code    52  stm32f10x_usart.o(.text)
    gs_s_msleep_start                        0x08001c7d   Thumb Code     6  gs_api.o(.text)
    gs_s_msleep_stop                         0x08001c83   Thumb Code     6  gs_api.o(.text)
    gs_s_msleep_clear                        0x08001c89   Thumb Code     8  gs_api.o(.text)
    gs_s_msleep_is_timesup                   0x08001c91   Thumb Code    30  gs_api.o(.text)
    gs_s_msleep_setting                      0x08001caf   Thumb Code    10  gs_api.o(.text)
    gs_s_msleep_start_and_setting            0x08001cb9   Thumb Code    14  gs_api.o(.text)
    gs_is_data_all_xx                        0x08001cc7   Thumb Code    34  gs_api.o(.text)
    gs_moving_average_filter_uint16_t        0x08001ce9   Thumb Code    50  gs_api.o(.text)
    gs_print_hex_data                        0x08001d1b   Thumb Code    46  gs_api.o(.text)
    gs_calc_cs                               0x08001d49   Thumb Code    26  gs_api.o(.text)
    gs_pow                                   0x08001d63   Thumb Code    38  gs_api.o(.text)
    global_para_init                         0x08001d9d   Thumb Code     2  gs_global_para.o(.text)
    main                                     0x08001da1   Thumb Code   156  main.o(.text)
    NMI_Handler                              0x08001e4d   Thumb Code     2  stm32f10x_it.o(.text)
    HardFault_Handler                        0x08001e4f   Thumb Code     4  stm32f10x_it.o(.text)
    MemManage_Handler                        0x08001e53   Thumb Code     4  stm32f10x_it.o(.text)
    BusFault_Handler                         0x08001e57   Thumb Code     4  stm32f10x_it.o(.text)
    UsageFault_Handler                       0x08001e5b   Thumb Code     4  stm32f10x_it.o(.text)
    SVC_Handler                              0x08001e5f   Thumb Code     2  stm32f10x_it.o(.text)
    DebugMon_Handler                         0x08001e61   Thumb Code     2  stm32f10x_it.o(.text)
    PendSV_Handler                           0x08001e63   Thumb Code     2  stm32f10x_it.o(.text)
    SysTick_Handler                          0x08001e65   Thumb Code    24  stm32f10x_it.o(.text)
    USART1_IRQHandler                        0x08001e7d   Thumb Code   100  stm32f10x_it.o(.text)
    DMA1_Channel4_IRQHandler                 0x08001ee1   Thumb Code    32  stm32f10x_it.o(.text)
    USART3_IRQHandler                        0x08001f01   Thumb Code   108  stm32f10x_it.o(.text)
    DMA1_Channel2_IRQHandler                 0x08001f6d   Thumb Code    28  stm32f10x_it.o(.text)
    DMA1_Channel1_IRQHandler                 0x08001f89   Thumb Code    24  stm32f10x_it.o(.text)
    __c89vsnprintf                           0x08001fc1   Thumb Code    48  c89vsnprintf.o(.text)
    __use_two_region_memory                  0x08001ff5   Thumb Code     2  heapauxi.o(.text)
    __rt_heap_escrow$2region                 0x08001ff7   Thumb Code     2  heapauxi.o(.text)
    __rt_heap_expand$2region                 0x08001ff9   Thumb Code     2  heapauxi.o(.text)
    __I$use$semihosting                      0x08001ffb   Thumb Code     0  use_no_semi.o(.text)
    __use_no_semihosting_swi                 0x08001ffb   Thumb Code     2  use_no_semi.o(.text)
    __semihosting_library_function           0x08001ffd   Thumb Code     0  indicate_semi.o(.text)
    _printf_fp_dec                           0x08001ffd   Thumb Code     4  printf1.o(x$fpl$printf1)
    version                                  0x08002000   Data          20  gs_harmful_gas_detector.o(.ARM.__AT_0x08002000)
    gs_sysclock_init                         0x08002015   Thumb Code   138  gs_bsp.o(.text)
    gs_systick_init                          0x0800209f   Thumb Code    82  gs_bsp.o(.text)
    gs_work_led_init                         0x080020f1   Thumb Code    78  gs_bsp.o(.text)
    gs_work_led_reverse                      0x0800213f   Thumb Code    50  gs_bsp.o(.text)
    gs_work_led_flash                        0x08002171   Thumb Code    26  gs_bsp.o(.text)
    gs_alarm_led_init                        0x0800218b   Thumb Code    58  gs_bsp.o(.text)
    gs_alarm_led_reverse                     0x080021c5   Thumb Code    48  gs_bsp.o(.text)
    gs_alarm_led_on                          0x080021f5   Thumb Code    12  gs_bsp.o(.text)
    gs_alarm_led_off                         0x08002201   Thumb Code    12  gs_bsp.o(.text)
    gs_alarm_beep_off                        0x0800220d   Thumb Code    12  gs_bsp.o(.text)
    gs_alarm_beep_reverse                    0x08002219   Thumb Code    48  gs_bsp.o(.text)
    gs_alarm_led_flash                       0x08002249   Thumb Code    52  gs_bsp.o(.text)
    gs_alarm_beep_init                       0x0800227d   Thumb Code    44  gs_bsp.o(.text)
    gs_alarm_beep_on                         0x080022a9   Thumb Code    12  gs_bsp.o(.text)
    gs_jxm_switch_init                       0x080022b5   Thumb Code    96  gs_bsp.o(.text)
    gs_jxm_switch_ctrl                       0x08002315   Thumb Code    98  gs_bsp.o(.text)
    gs_e32_m0m1_port_init                    0x08002377   Thumb Code    96  gs_bsp.o(.text)
    gs_e32_set_mode                          0x080023d7   Thumb Code    98  gs_bsp.o(.text)
    gs_uart_init                             0x08002439   Thumb Code   662  gs_bsp.o(.text)
    gs_uart_send                             0x080026cf   Thumb Code   140  gs_bsp.o(.text)
    gs_uart_recv                             0x0800275b   Thumb Code   106  gs_bsp.o(.text)
    gs_uart_test                             0x080027c5   Thumb Code    38  gs_bsp.o(.text)
    gs_printf                                0x080027eb   Thumb Code    86  gs_bsp.o(.text)
    gs_adc_init                              0x08002841   Thumb Code   362  gs_bsp.o(.text)
    gs_adc_dma_restart                       0x080029ab   Thumb Code    98  gs_bsp.o(.text)
    gs_calc_adc_data                         0x08002a0d   Thumb Code   184  gs_bsp.o(.text)
    gs_software_reboot                       0x08002ac5   Thumb Code    32  gs_bsp.o(.text)
    WFI_SET                                  0x08002ae5   Thumb Code     4  gs_bsp.o(.text)
    INTX_DISABLE                             0x08002ae9   Thumb Code     4  gs_bsp.o(.text)
    INTX_ENABLE                              0x08002aed   Thumb Code     4  gs_bsp.o(.text)
    qu_delay                                 0x08002af1   Thumb Code    18  gs_bsp.o(.text)
    gs_usleep                                0x08002b03   Thumb Code    32  gs_bsp.o(.text)
    gs_msleep                                0x08002b23   Thumb Code    26  gs_bsp.o(.text)
    gs_jxm_set_work_mode                     0x08002b71   Thumb Code   104  gs_harmful_gas_detector.o(.text)
    gs_jxm_send_inquiry                      0x08002bd9   Thumb Code   116  gs_harmful_gas_detector.o(.text)
    gs_jxm_send_inquiry1                     0x08002c4d   Thumb Code   114  gs_harmful_gas_detector.o(.text)
    gs_jxm_paser_data                        0x08002cbf   Thumb Code   144  gs_harmful_gas_detector.o(.text)
    gs_jxm_get_sensor_data                   0x08002d4f   Thumb Code   378  gs_harmful_gas_detector.o(.text)
    gs_send_jxm_data_by_lora                 0x08002ec9   Thumb Code   462  gs_harmful_gas_detector.o(.text)
    gs_send_jxm_data_periodic                0x08003097   Thumb Code    46  gs_harmful_gas_detector.o(.text)
    gs_alarm_ctrl                            0x080030c5   Thumb Code    46  gs_harmful_gas_detector.o(.text)
    gs_jxm_alarm_ctrl                        0x080030f3   Thumb Code   426  gs_harmful_gas_detector.o(.text)
    SystemInit                               0x080033c9   Thumb Code    92  system_stm32f10x.o(.text)
    SystemCoreClockUpdate                    0x08003425   Thumb Code   232  system_stm32f10x.o(.text)
    __aeabi_memcpy                           0x0800353d   Thumb Code     0  rt_memcpy_v6.o(.text)
    __rt_memcpy                              0x0800353d   Thumb Code   138  rt_memcpy_v6.o(.text)
    _memcpy_lastbytes                        0x080035a3   Thumb Code     0  rt_memcpy_v6.o(.text)
    __aeabi_memclr4                          0x080035c7   Thumb Code     0  rt_memclr_w.o(.text)
    __aeabi_memclr8                          0x080035c7   Thumb Code     0  rt_memclr_w.o(.text)
    __rt_memclr_w                            0x080035c7   Thumb Code    78  rt_memclr_w.o(.text)
    _memset_w                                0x080035cb   Thumb Code     0  rt_memclr_w.o(.text)
    _printf_pre_padding                      0x08003615   Thumb Code    44  _printf_pad.o(.text)
    _printf_post_padding                     0x08003641   Thumb Code    34  _printf_pad.o(.text)
    _printf_truncate_signed                  0x08003663   Thumb Code    18  _printf_truncate.o(.text)
    _printf_truncate_unsigned                0x08003675   Thumb Code    18  _printf_truncate.o(.text)
    _printf_str                              0x08003687   Thumb Code    82  _printf_str.o(.text)
    _printf_int_dec                          0x080036d9   Thumb Code   104  _printf_dec.o(.text)
    _printf_charcount                        0x08003751   Thumb Code    40  _printf_charcount.o(.text)
    _printf_char_common                      0x08003783   Thumb Code    32  _printf_char_common.o(.text)
    _sputc                                   0x080037a9   Thumb Code    10  _sputc.o(.text)
    _snputc                                  0x080037b3   Thumb Code    16  _snputc.o(.text)
    _printf_wctomb                           0x080037c5   Thumb Code   182  _printf_wctomb.o(.text)
    _printf_longlong_dec                     0x08003881   Thumb Code   108  _printf_longlong_dec.o(.text)
    _printf_longlong_oct                     0x080038fd   Thumb Code    66  _printf_oct_int_ll.o(.text)
    _printf_int_oct                          0x0800393f   Thumb Code    24  _printf_oct_int_ll.o(.text)
    _printf_ll_oct                           0x08003957   Thumb Code    12  _printf_oct_int_ll.o(.text)
    _printf_longlong_hex                     0x0800396d   Thumb Code    86  _printf_hex_int_ll_ptr.o(.text)
    _printf_int_hex                          0x080039c3   Thumb Code    28  _printf_hex_int_ll_ptr.o(.text)
    _printf_ll_hex                           0x080039df   Thumb Code    12  _printf_hex_int_ll_ptr.o(.text)
    _printf_hex_ptr                          0x080039eb   Thumb Code    18  _printf_hex_int_ll_ptr.o(.text)
    __printf                                 0x08003a01   Thumb Code   388  __printf_flags_ss_wp.o(.text)
    __aeabi_memcpy4                          0x08003b89   Thumb Code     0  rt_memcpy_w.o(.text)
    __aeabi_memcpy8                          0x08003b89   Thumb Code     0  rt_memcpy_w.o(.text)
    __rt_memcpy_w                            0x08003b89   Thumb Code   100  rt_memcpy_w.o(.text)
    _memcpy_lastbytes_aligned                0x08003bd1   Thumb Code     0  rt_memcpy_w.o(.text)
    _ll_udiv10                               0x08003bed   Thumb Code   138  lludiv10.o(.text)
    _printf_int_common                       0x08003c77   Thumb Code   178  _printf_intcommon.o(.text)
    __lib_sel_fp_printf                      0x08003d29   Thumb Code     2  _printf_fp_dec.o(.text)
    _printf_fp_dec_real                      0x08003edb   Thumb Code   620  _printf_fp_dec.o(.text)
    _printf_cs_common                        0x08004147   Thumb Code    20  _printf_char.o(.text)
    _printf_char                             0x0800415b   Thumb Code    16  _printf_char.o(.text)
    _printf_string                           0x0800416b   Thumb Code     8  _printf_char.o(.text)
    _printf_lcs_common                       0x08004173   Thumb Code    20  _printf_wchar.o(.text)
    _printf_wchar                            0x08004187   Thumb Code    16  _printf_wchar.o(.text)
    _printf_wstring                          0x08004197   Thumb Code     8  _printf_wchar.o(.text)
    _wcrtomb                                 0x0800419f   Thumb Code    64  _wcrtomb.o(.text)
    __user_setup_stackheap                   0x080041df   Thumb Code    74  sys_stackheap_outer.o(.text)
    __rt_ctype_table                         0x08004229   Thumb Code    16  rt_ctype_table.o(.text)
    __rt_locale                              0x08004239   Thumb Code     8  rt_locale_intlibspace.o(.text)
    _printf_fp_infnan                        0x08004241   Thumb Code   112  _printf_fp_infnan.o(.text)
    _btod_etento                             0x080042c1   Thumb Code   224  bigflt0.o(.text)
    exit                                     0x080043a5   Thumb Code    18  exit.o(.text)
    __user_libspace                          0x080043b9   Thumb Code     8  libspace.o(.text)
    __user_perproc_libspace                  0x080043b9   Thumb Code     0  libspace.o(.text)
    __user_perthread_libspace                0x080043b9   Thumb Code     0  libspace.o(.text)
    strcmp                                   0x080043c1   Thumb Code   128  strcmpv7m.o(.text)
    _sys_exit                                0x08004441   Thumb Code     8  sys_exit.o(.text)
    _btod_d2e                                0x0800444d   Thumb Code    62  btod.o(CL$$btod_d2e)
    _d2e_denorm_low                          0x0800448b   Thumb Code    70  btod.o(CL$$btod_d2e_denorm_low)
    _d2e_norm_op1                            0x080044d1   Thumb Code    96  btod.o(CL$$btod_d2e_norm_op1)
    __btod_div_common                        0x08004531   Thumb Code   696  btod.o(CL$$btod_div_common)
    _e2e                                     0x08004869   Thumb Code   220  btod.o(CL$$btod_e2e)
    _btod_ediv                               0x08004945   Thumb Code    42  btod.o(CL$$btod_ediv)
    _btod_emul                               0x0800496f   Thumb Code    42  btod.o(CL$$btod_emul)
    __btod_mult_common                       0x08004999   Thumb Code   580  btod.o(CL$$btod_mult_common)
    __ARM_fpclassify                         0x08004bdd   Thumb Code    40  fpclassify.o(i.__ARM_fpclassify)
    _is_digit                                0x08004c05   Thumb Code    14  __printf_wp.o(i._is_digit)
    _get_lc_numeric                          0x08004c15   Thumb Code    44  lc_numeric_c.o(locale$$code)
    _get_lc_ctype                            0x08004c41   Thumb Code    44  lc_ctype_c.o(locale$$code)
    __aeabi_fadd                             0x08004c6d   Thumb Code     0  faddsub_clz.o(x$fpl$fadd)
    _fadd                                    0x08004c6d   Thumb Code   196  faddsub_clz.o(x$fpl$fadd)
    __fpl_fcmp_Inf                           0x08004d31   Thumb Code    24  fcmpi.o(x$fpl$fcmpinf)
    __aeabi_fdiv                             0x08004d49   Thumb Code     0  fdiv.o(x$fpl$fdiv)
    _fdiv                                    0x08004d49   Thumb Code   384  fdiv.o(x$fpl$fdiv)
    __aeabi_ui2f                             0x08004ecd   Thumb Code     0  fflt_clz.o(x$fpl$ffltu)
    _ffltu                                   0x08004ecd   Thumb Code    38  fflt_clz.o(x$fpl$ffltu)
    __aeabi_cfcmple                          0x08004ef5   Thumb Code     0  fleqf.o(x$fpl$fleqf)
    _fcmple                                  0x08004ef5   Thumb Code   104  fleqf.o(x$fpl$fleqf)
    __fpl_fcmple_InfNaN                      0x08004f47   Thumb Code     0  fleqf.o(x$fpl$fleqf)
    __aeabi_fmul                             0x08004f5d   Thumb Code     0  fmul.o(x$fpl$fmul)
    _fmul                                    0x08004f5d   Thumb Code   258  fmul.o(x$fpl$fmul)
    __fpl_fnaninf                            0x0800505f   Thumb Code   140  fnaninf.o(x$fpl$fnaninf)
    __fpl_fretinf                            0x080050eb   Thumb Code    10  fretinf.o(x$fpl$fretinf)
    __aeabi_cfrcmple                         0x080050f5   Thumb Code     0  frleqf.o(x$fpl$frleqf)
    _frcmple                                 0x080050f5   Thumb Code    98  frleqf.o(x$fpl$frleqf)
    __aeabi_fsub                             0x08005159   Thumb Code     0  faddsub_clz.o(x$fpl$fsub)
    _fsub                                    0x08005159   Thumb Code   234  faddsub_clz.o(x$fpl$fsub)
    __I$use$fp                               0x08005242   Number         0  usenofp.o(x$fpl$usenofp)
    Region$$Table$$Base                      0x0800531c   Number         0  anon$$obj.o(Region$$Table)
    Region$$Table$$Limit                     0x0800533c   Number         0  anon$$obj.o(Region$$Table)
    __ctype                                  0x08005365   Data           0  lc_ctype_c.o(locale$$data)
    ledpara                                  0x20000017   Data           8  gs_global_para.o(.data)
    alarmled                                 0x2000001f   Data           8  gs_global_para.o(.data)
    lora_msleep                              0x20000027   Data           8  gs_global_para.o(.data)
    alarm_msleep                             0x2000002f   Data           8  gs_global_para.o(.data)
    SystemCoreClock                          0x20000044   Data           4  system_stm32f10x.o(.data)
    AHBPrescTable                            0x20000048   Data          16  system_stm32f10x.o(.data)
    jxmuart                                  0x20000058   Data        1030  gs_global_para.o(.bss)
    lorauart                                 0x2000045e   Data        1030  gs_global_para.o(.bss)
    adcpara                                  0x20000864   Data          70  gs_global_para.o(.bss)
    jxmdata                                  0x200008aa   Data          36  gs_global_para.o(.bss)
    syspara                                  0x200008ce   Data          30  gs_global_para.o(.bss)
    __libspace_start                         0x200008ec   Data          96  libspace.o(.bss)
    __temporary_stack_top$libspace           0x2000094c   Data           0  libspace.o(.bss)



==============================================================================

Memory Map of the image

  Image Entry point : 0x08000151

  Load Region LR_IROM1 (Base: 0x08000000, Size: 0x000054c0, Max: 0x00040000, ABSOLUTE)

    Execution Region ER_IROM1 (Exec base: 0x08000000, Load base: 0x08000000, Size: 0x00005468, Max: 0x00040000, ABSOLUTE)

    Exec Addr    Load Addr    Size         Type   Attr      Idx    E Section Name        Object

    0x08000000   0x08000000   0x00000150   Data   RO            3    RESET               startup_stm32f10x_cl.o
    0x08000150   0x08000150   0x00000008   Code   RO          552  * !!!main             c_w.l(__main.o)
    0x08000158   0x08000158   0x00000034   Code   RO          896    !!!scatter          c_w.l(__scatter.o)
    0x0800018c   0x0800018c   0x0000001a   Code   RO          898    !!handler_copy      c_w.l(__scatter_copy.o)
    0x080001a6   0x080001a6   0x00000002   PAD
    0x080001a8   0x080001a8   0x0000001c   Code   RO          900    !!handler_zi        c_w.l(__scatter_zi.o)
    0x080001c4   0x080001c4   0x00000000   Code   RO          660    .ARM.Collect$$_printf_percent$$00000000  c_w.l(_printf_percent.o)
    0x080001c4   0x080001c4   0x00000006   Code   RO          649    .ARM.Collect$$_printf_percent$$00000001  c_w.l(_printf_n.o)
    0x080001ca   0x080001ca   0x00000006   Code   RO          651    .ARM.Collect$$_printf_percent$$00000002  c_w.l(_printf_p.o)
    0x080001d0   0x080001d0   0x00000006   Code   RO          656    .ARM.Collect$$_printf_percent$$00000003  c_w.l(_printf_f.o)
    0x080001d6   0x080001d6   0x00000006   Code   RO          657    .ARM.Collect$$_printf_percent$$00000004  c_w.l(_printf_e.o)
    0x080001dc   0x080001dc   0x00000006   Code   RO          658    .ARM.Collect$$_printf_percent$$00000005  c_w.l(_printf_g.o)
    0x080001e2   0x080001e2   0x00000006   Code   RO          659    .ARM.Collect$$_printf_percent$$00000006  c_w.l(_printf_a.o)
    0x080001e8   0x080001e8   0x0000000a   Code   RO          664    .ARM.Collect$$_printf_percent$$00000007  c_w.l(_printf_ll.o)
    0x080001f2   0x080001f2   0x00000006   Code   RO          653    .ARM.Collect$$_printf_percent$$00000008  c_w.l(_printf_i.o)
    0x080001f8   0x080001f8   0x00000006   Code   RO          654    .ARM.Collect$$_printf_percent$$00000009  c_w.l(_printf_d.o)
    0x080001fe   0x080001fe   0x00000006   Code   RO          655    .ARM.Collect$$_printf_percent$$0000000A  c_w.l(_printf_u.o)
    0x08000204   0x08000204   0x00000006   Code   RO          652    .ARM.Collect$$_printf_percent$$0000000B  c_w.l(_printf_o.o)
    0x0800020a   0x0800020a   0x00000006   Code   RO          650    .ARM.Collect$$_printf_percent$$0000000C  c_w.l(_printf_x.o)
    0x08000210   0x08000210   0x00000006   Code   RO          661    .ARM.Collect$$_printf_percent$$0000000D  c_w.l(_printf_lli.o)
    0x08000216   0x08000216   0x00000006   Code   RO          662    .ARM.Collect$$_printf_percent$$0000000E  c_w.l(_printf_lld.o)
    0x0800021c   0x0800021c   0x00000006   Code   RO          663    .ARM.Collect$$_printf_percent$$0000000F  c_w.l(_printf_llu.o)
    0x08000222   0x08000222   0x00000006   Code   RO          668    .ARM.Collect$$_printf_percent$$00000010  c_w.l(_printf_llo.o)
    0x08000228   0x08000228   0x00000006   Code   RO          669    .ARM.Collect$$_printf_percent$$00000011  c_w.l(_printf_llx.o)
    0x0800022e   0x0800022e   0x0000000a   Code   RO          665    .ARM.Collect$$_printf_percent$$00000012  c_w.l(_printf_l.o)
    0x08000238   0x08000238   0x00000006   Code   RO          647    .ARM.Collect$$_printf_percent$$00000013  c_w.l(_printf_c.o)
    0x0800023e   0x0800023e   0x00000006   Code   RO          648    .ARM.Collect$$_printf_percent$$00000014  c_w.l(_printf_s.o)
    0x08000244   0x08000244   0x00000006   Code   RO          666    .ARM.Collect$$_printf_percent$$00000015  c_w.l(_printf_lc.o)
    0x0800024a   0x0800024a   0x00000006   Code   RO          667    .ARM.Collect$$_printf_percent$$00000016  c_w.l(_printf_ls.o)
    0x08000250   0x08000250   0x00000004   Code   RO          708    .ARM.Collect$$_printf_percent$$00000017  c_w.l(_printf_percent_end.o)
    0x08000254   0x08000254   0x00000002   Code   RO          757    .ARM.Collect$$libinit$$00000000  c_w.l(libinit.o)
    0x08000256   0x08000256   0x00000000   Code   RO          773    .ARM.Collect$$libinit$$00000002  c_w.l(libinit2.o)
    0x08000256   0x08000256   0x00000000   Code   RO          775    .ARM.Collect$$libinit$$00000004  c_w.l(libinit2.o)
    0x08000256   0x08000256   0x00000000   Code   RO          778    .ARM.Collect$$libinit$$0000000A  c_w.l(libinit2.o)
    0x08000256   0x08000256   0x00000000   Code   RO          780    .ARM.Collect$$libinit$$0000000C  c_w.l(libinit2.o)
    0x08000256   0x08000256   0x00000000   Code   RO          782    .ARM.Collect$$libinit$$0000000E  c_w.l(libinit2.o)
    0x08000256   0x08000256   0x00000006   Code   RO          783    .ARM.Collect$$libinit$$0000000F  c_w.l(libinit2.o)
    0x0800025c   0x0800025c   0x00000000   Code   RO          785    .ARM.Collect$$libinit$$00000011  c_w.l(libinit2.o)
    0x0800025c   0x0800025c   0x0000000c   Code   RO          786    .ARM.Collect$$libinit$$00000012  c_w.l(libinit2.o)
    0x08000268   0x08000268   0x00000000   Code   RO          787    .ARM.Collect$$libinit$$00000013  c_w.l(libinit2.o)
    0x08000268   0x08000268   0x00000000   Code   RO          789    .ARM.Collect$$libinit$$00000015  c_w.l(libinit2.o)
    0x08000268   0x08000268   0x0000000a   Code   RO          790    .ARM.Collect$$libinit$$00000016  c_w.l(libinit2.o)
    0x08000272   0x08000272   0x00000000   Code   RO          791    .ARM.Collect$$libinit$$00000017  c_w.l(libinit2.o)
    0x08000272   0x08000272   0x00000000   Code   RO          793    .ARM.Collect$$libinit$$00000019  c_w.l(libinit2.o)
    0x08000272   0x08000272   0x00000000   Code   RO          795    .ARM.Collect$$libinit$$0000001B  c_w.l(libinit2.o)
    0x08000272   0x08000272   0x00000000   Code   RO          797    .ARM.Collect$$libinit$$0000001D  c_w.l(libinit2.o)
    0x08000272   0x08000272   0x00000000   Code   RO          799    .ARM.Collect$$libinit$$0000001F  c_w.l(libinit2.o)
    0x08000272   0x08000272   0x00000000   Code   RO          801    .ARM.Collect$$libinit$$00000021  c_w.l(libinit2.o)
    0x08000272   0x08000272   0x00000000   Code   RO          803    .ARM.Collect$$libinit$$00000023  c_w.l(libinit2.o)
    0x08000272   0x08000272   0x00000000   Code   RO          805    .ARM.Collect$$libinit$$00000025  c_w.l(libinit2.o)
    0x08000272   0x08000272   0x00000000   Code   RO          809    .ARM.Collect$$libinit$$0000002C  c_w.l(libinit2.o)
    0x08000272   0x08000272   0x00000000   Code   RO          811    .ARM.Collect$$libinit$$0000002E  c_w.l(libinit2.o)
    0x08000272   0x08000272   0x00000000   Code   RO          813    .ARM.Collect$$libinit$$00000030  c_w.l(libinit2.o)
    0x08000272   0x08000272   0x00000000   Code   RO          815    .ARM.Collect$$libinit$$00000032  c_w.l(libinit2.o)
    0x08000272   0x08000272   0x00000002   Code   RO          816    .ARM.Collect$$libinit$$00000033  c_w.l(libinit2.o)
    0x08000274   0x08000274   0x00000002   Code   RO          836    .ARM.Collect$$libshutdown$$00000000  c_w.l(libshutdown.o)
    0x08000276   0x08000276   0x00000000   Code   RO          849    .ARM.Collect$$libshutdown$$00000002  c_w.l(libshutdown2.o)
    0x08000276   0x08000276   0x00000000   Code   RO          851    .ARM.Collect$$libshutdown$$00000004  c_w.l(libshutdown2.o)
    0x08000276   0x08000276   0x00000000   Code   RO          854    .ARM.Collect$$libshutdown$$00000007  c_w.l(libshutdown2.o)
    0x08000276   0x08000276   0x00000000   Code   RO          857    .ARM.Collect$$libshutdown$$0000000A  c_w.l(libshutdown2.o)
    0x08000276   0x08000276   0x00000000   Code   RO          859    .ARM.Collect$$libshutdown$$0000000C  c_w.l(libshutdown2.o)
    0x08000276   0x08000276   0x00000000   Code   RO          862    .ARM.Collect$$libshutdown$$0000000F  c_w.l(libshutdown2.o)
    0x08000276   0x08000276   0x00000002   Code   RO          863    .ARM.Collect$$libshutdown$$00000010  c_w.l(libshutdown2.o)
    0x08000278   0x08000278   0x00000000   Code   RO          576    .ARM.Collect$$rtentry$$00000000  c_w.l(__rtentry.o)
    0x08000278   0x08000278   0x00000000   Code   RO          682    .ARM.Collect$$rtentry$$00000002  c_w.l(__rtentry2.o)
    0x08000278   0x08000278   0x00000006   Code   RO          694    .ARM.Collect$$rtentry$$00000004  c_w.l(__rtentry4.o)
    0x0800027e   0x0800027e   0x00000000   Code   RO          684    .ARM.Collect$$rtentry$$00000009  c_w.l(__rtentry2.o)
    0x0800027e   0x0800027e   0x00000004   Code   RO          685    .ARM.Collect$$rtentry$$0000000A  c_w.l(__rtentry2.o)
    0x08000282   0x08000282   0x00000000   Code   RO          687    .ARM.Collect$$rtentry$$0000000C  c_w.l(__rtentry2.o)
    0x08000282   0x08000282   0x00000008   Code   RO          688    .ARM.Collect$$rtentry$$0000000D  c_w.l(__rtentry2.o)
    0x0800028a   0x0800028a   0x00000002   Code   RO          765    .ARM.Collect$$rtexit$$00000000  c_w.l(rtexit.o)
    0x0800028c   0x0800028c   0x00000000   Code   RO          818    .ARM.Collect$$rtexit$$00000002  c_w.l(rtexit2.o)
    0x0800028c   0x0800028c   0x00000004   Code   RO          819    .ARM.Collect$$rtexit$$00000003  c_w.l(rtexit2.o)
    0x08000290   0x08000290   0x00000006   Code   RO          820    .ARM.Collect$$rtexit$$00000004  c_w.l(rtexit2.o)
    0x08000296   0x08000296   0x00000002   PAD
    0x08000298   0x08000298   0x00000040   Code   RO            4    .text               startup_stm32f10x_cl.o
    0x080002d8   0x080002d8   0x000000dc   Code   RO           24    .text               misc.o
    0x080003b4   0x080003b4   0x0000044e   Code   RO          119    .text               stm32f10x_adc.o
    0x08000802   0x08000802   0x00000002   PAD
    0x08000804   0x08000804   0x00000254   Code   RO          203    .text               stm32f10x_dma.o
    0x08000a58   0x08000a58   0x000005bc   Code   RO          227    .text               stm32f10x_flash.o
    0x08001014   0x08001014   0x0000035c   Code   RO          251    .text               stm32f10x_gpio.o
    0x08001370   0x08001370   0x00000504   Code   RO          299    .text               stm32f10x_rcc.o
    0x08001874   0x08001874   0x00000408   Code   RO          361    .text               stm32f10x_usart.o
    0x08001c7c   0x08001c7c   0x00000120   Code   RO          385    .text               gs_api.o
    0x08001d9c   0x08001d9c   0x00000002   Code   RO          448    .text               gs_global_para.o
    0x08001d9e   0x08001d9e   0x00000002   PAD
    0x08001da0   0x08001da0   0x000000ac   Code   RO          497    .text               main.o
    0x08001e4c   0x08001e4c   0x00000174   Code   RO          509    .text               stm32f10x_it.o
    0x08001fc0   0x08001fc0   0x00000034   Code   RO          544    .text               c_w.l(c89vsnprintf.o)
    0x08001ff4   0x08001ff4   0x00000006   Code   RO          550    .text               c_w.l(heapauxi.o)
    0x08001ffa   0x08001ffa   0x00000002   Code   RO          839    .text               c_w.l(use_no_semi.o)
    0x08001ffc   0x08001ffc   0x00000000   Code   RO          841    .text               c_w.l(indicate_semi.o)
    0x08001ffc   0x08001ffc   0x00000004   Code   RO          678    x$fpl$printf1       fz_ws.l(printf1.o)
    0x08002000   0x08002000   0x00000014   Data   RO          468    .ARM.__AT_0x08002000  gs_harmful_gas_detector.o
    0x08002014   0x08002014   0x00000b5c   Code   RO          418    .text               gs_bsp.o
    0x08002b70   0x08002b70   0x00000750   Code   RO          467    .text               gs_harmful_gas_detector.o
    0x080032c0   0x080032c0   0x0000027c   Code   RO          524    .text               system_stm32f10x.o
    0x0800353c   0x0800353c   0x0000008a   Code   RO          546    .text               c_w.l(rt_memcpy_v6.o)
    0x080035c6   0x080035c6   0x0000004e   Code   RO          548    .text               c_w.l(rt_memclr_w.o)
    0x08003614   0x08003614   0x0000004e   Code   RO          579    .text               c_w.l(_printf_pad.o)
    0x08003662   0x08003662   0x00000024   Code   RO          581    .text               c_w.l(_printf_truncate.o)
    0x08003686   0x08003686   0x00000052   Code   RO          583    .text               c_w.l(_printf_str.o)
    0x080036d8   0x080036d8   0x00000078   Code   RO          585    .text               c_w.l(_printf_dec.o)
    0x08003750   0x08003750   0x00000028   Code   RO          587    .text               c_w.l(_printf_charcount.o)
    0x08003778   0x08003778   0x00000030   Code   RO          589    .text               c_w.l(_printf_char_common.o)
    0x080037a8   0x080037a8   0x0000000a   Code   RO          591    .text               c_w.l(_sputc.o)
    0x080037b2   0x080037b2   0x00000010   Code   RO          593    .text               c_w.l(_snputc.o)
    0x080037c2   0x080037c2   0x00000002   PAD
    0x080037c4   0x080037c4   0x000000bc   Code   RO          595    .text               c_w.l(_printf_wctomb.o)
    0x08003880   0x08003880   0x0000007c   Code   RO          598    .text               c_w.l(_printf_longlong_dec.o)
    0x080038fc   0x080038fc   0x00000070   Code   RO          604    .text               c_w.l(_printf_oct_int_ll.o)
    0x0800396c   0x0800396c   0x00000094   Code   RO          624    .text               c_w.l(_printf_hex_int_ll_ptr.o)
    0x08003a00   0x08003a00   0x00000188   Code   RO          644    .text               c_w.l(__printf_flags_ss_wp.o)
    0x08003b88   0x08003b88   0x00000064   Code   RO          670    .text               c_w.l(rt_memcpy_w.o)
    0x08003bec   0x08003bec   0x0000008a   Code   RO          696    .text               c_w.l(lludiv10.o)
    0x08003c76   0x08003c76   0x000000b2   Code   RO          698    .text               c_w.l(_printf_intcommon.o)
    0x08003d28   0x08003d28   0x0000041e   Code   RO          700    .text               c_w.l(_printf_fp_dec.o)
    0x08004146   0x08004146   0x0000002c   Code   RO          704    .text               c_w.l(_printf_char.o)
    0x08004172   0x08004172   0x0000002c   Code   RO          706    .text               c_w.l(_printf_wchar.o)
    0x0800419e   0x0800419e   0x00000040   Code   RO          709    .text               c_w.l(_wcrtomb.o)
    0x080041de   0x080041de   0x0000004a   Code   RO          711    .text               c_w.l(sys_stackheap_outer.o)
    0x08004228   0x08004228   0x00000010   Code   RO          713    .text               c_w.l(rt_ctype_table.o)
    0x08004238   0x08004238   0x00000008   Code   RO          718    .text               c_w.l(rt_locale_intlibspace.o)
    0x08004240   0x08004240   0x00000080   Code   RO          720    .text               c_w.l(_printf_fp_infnan.o)
    0x080042c0   0x080042c0   0x000000e4   Code   RO          722    .text               c_w.l(bigflt0.o)
    0x080043a4   0x080043a4   0x00000012   Code   RO          750    .text               c_w.l(exit.o)
    0x080043b6   0x080043b6   0x00000002   PAD
    0x080043b8   0x080043b8   0x00000008   Code   RO          762    .text               c_w.l(libspace.o)
    0x080043c0   0x080043c0   0x00000080   Code   RO          770    .text               c_w.l(strcmpv7m.o)
    0x08004440   0x08004440   0x0000000c   Code   RO          828    .text               c_w.l(sys_exit.o)
    0x0800444c   0x0800444c   0x0000003e   Code   RO          725    CL$$btod_d2e        c_w.l(btod.o)
    0x0800448a   0x0800448a   0x00000046   Code   RO          727    CL$$btod_d2e_denorm_low  c_w.l(btod.o)
    0x080044d0   0x080044d0   0x00000060   Code   RO          726    CL$$btod_d2e_norm_op1  c_w.l(btod.o)
    0x08004530   0x08004530   0x00000338   Code   RO          735    CL$$btod_div_common  c_w.l(btod.o)
    0x08004868   0x08004868   0x000000dc   Code   RO          732    CL$$btod_e2e        c_w.l(btod.o)
    0x08004944   0x08004944   0x0000002a   Code   RO          729    CL$$btod_ediv       c_w.l(btod.o)
    0x0800496e   0x0800496e   0x0000002a   Code   RO          728    CL$$btod_emul       c_w.l(btod.o)
    0x08004998   0x08004998   0x00000244   Code   RO          734    CL$$btod_mult_common  c_w.l(btod.o)
    0x08004bdc   0x08004bdc   0x00000028   Code   RO          760    i.__ARM_fpclassify  m_ws.l(fpclassify.o)
    0x08004c04   0x08004c04   0x0000000e   Code   RO          637    i._is_digit         c_w.l(__printf_wp.o)
    0x08004c12   0x08004c12   0x00000002   PAD
    0x08004c14   0x08004c14   0x0000002c   Code   RO          748    locale$$code        c_w.l(lc_numeric_c.o)
    0x08004c40   0x08004c40   0x0000002c   Code   RO          768    locale$$code        c_w.l(lc_ctype_c.o)
    0x08004c6c   0x08004c6c   0x000000c4   Code   RO          554    x$fpl$fadd          fz_ws.l(faddsub_clz.o)
    0x08004d30   0x08004d30   0x00000018   Code   RO          672    x$fpl$fcmpinf       fz_ws.l(fcmpi.o)
    0x08004d48   0x08004d48   0x00000184   Code   RO          561    x$fpl$fdiv          fz_ws.l(fdiv.o)
    0x08004ecc   0x08004ecc   0x00000026   Code   RO          564    x$fpl$ffltu         fz_ws.l(fflt_clz.o)
    0x08004ef2   0x08004ef2   0x00000002   PAD
    0x08004ef4   0x08004ef4   0x00000068   Code   RO          570    x$fpl$fleqf         fz_ws.l(fleqf.o)
    0x08004f5c   0x08004f5c   0x00000102   Code   RO          572    x$fpl$fmul          fz_ws.l(fmul.o)
    0x0800505e   0x0800505e   0x0000008c   Code   RO          674    x$fpl$fnaninf       fz_ws.l(fnaninf.o)
    0x080050ea   0x080050ea   0x0000000a   Code   RO          676    x$fpl$fretinf       fz_ws.l(fretinf.o)
    0x080050f4   0x080050f4   0x00000062   Code   RO          574    x$fpl$frleqf        fz_ws.l(frleqf.o)
    0x08005156   0x08005156   0x00000002   PAD
    0x08005158   0x08005158   0x000000ea   Code   RO          556    x$fpl$fsub          fz_ws.l(faddsub_clz.o)
    0x08005242   0x08005242   0x00000000   Code   RO          680    x$fpl$usenofp       fz_ws.l(usenofp.o)
    0x08005242   0x08005242   0x00000002   PAD
    0x08005244   0x08005244   0x00000008   Data   RO          596    .constdata          c_w.l(_printf_wctomb.o)
    0x0800524c   0x0800524c   0x00000028   Data   RO          625    .constdata          c_w.l(_printf_hex_int_ll_ptr.o)
    0x08005274   0x08005274   0x00000011   Data   RO          645    .constdata          c_w.l(__printf_flags_ss_wp.o)
    0x08005285   0x08005285   0x00000003   PAD
    0x08005288   0x08005288   0x00000094   Data   RO          723    .constdata          c_w.l(bigflt0.o)
    0x0800531c   0x0800531c   0x00000020   Data   RO          894    Region$$Table       anon$$obj.o
    0x0800533c   0x0800533c   0x0000001c   Data   RO          747    locale$$data        c_w.l(lc_numeric_c.o)
    0x08005358   0x08005358   0x00000110   Data   RO          767    locale$$data        c_w.l(lc_ctype_c.o)


    Execution Region RW_IRAM1 (Exec base: 0x20000000, Load base: 0x08005468, Size: 0x00003950, Max: 0x00010000, ABSOLUTE)

    Exec Addr    Load Addr    Size         Type   Attr      Idx    E Section Name        Object

    0x20000000   0x08005468   0x00000014   Data   RW          300    .data               stm32f10x_rcc.o
    0x20000014   0x0800547c   0x00000003   Data   RW          419    .data               gs_bsp.o
    0x20000017   0x0800547f   0x00000020   Data   RW          450    .data               gs_global_para.o
    0x20000037   0x0800549f   0x0000000a   Data   RW          469    .data               gs_harmful_gas_detector.o
    0x20000041   0x080054a9   0x00000003   PAD
    0x20000044   0x080054ac   0x00000014   Data   RW          525    .data               system_stm32f10x.o
    0x20000058        -       0x00000894   Zero   RW          449    .bss                gs_global_para.o
    0x200008ec        -       0x00000060   Zero   RW          763    .bss                c_w.l(libspace.o)
    0x2000094c   0x080054c0   0x00000004   PAD
    0x20000950        -       0x00001000   Zero   RW            2    HEAP                startup_stm32f10x_cl.o
    0x20001950        -       0x00002000   Zero   RW            1    STACK               startup_stm32f10x_cl.o


==============================================================================

Image component sizes


      Code (inc. data)   RO Data    RW Data    ZI Data      Debug   Object Name

         0          0          0          0          0       4508   core_cm3.o
       288         20          0          0          0       9310   gs_api.o
      2908        144          0          3          0      24399   gs_bsp.o
         2          0          0         32       2196       1404   gs_global_para.o
      1872         66         20         10          0       5302   gs_harmful_gas_detector.o
       172         16          0          0          0        615   main.o
       220         22          0          0          0     276977   misc.o
        64         26        336          0      12288        936   startup_stm32f10x_cl.o
      1102         26          0          0          0      11205   stm32f10x_adc.o
       596          8          0          0          0       4530   stm32f10x_dma.o
      1468         34          0          0          0       8370   stm32f10x_flash.o
       860         38          0          0          0       5893   stm32f10x_gpio.o
       372         32          0          0          0       2173   stm32f10x_it.o
      1284         64          0         20          0      11558   stm32f10x_rcc.o
      1032         22          0          0          0       8624   stm32f10x_usart.o
       636         48          0         20          0       2131   system_stm32f10x.o

    ----------------------------------------------------------------------
     12880        566        388         88      14484     377935   Object Totals
         0          0         32          0          0          0   (incl. Generated)
         4          0          0          3          0          0   (incl. Padding)

    ----------------------------------------------------------------------

      Code (inc. data)   RO Data    RW Data    ZI Data      Debug   Library Member Name

         8          0          0          0          0         68   __main.o
       392          4         17          0          0         92   __printf_flags_ss_wp.o
        14          0          0          0          0         68   __printf_wp.o
         0          0          0          0          0          0   __rtentry.o
        12          0          0          0          0          0   __rtentry2.o
         6          0          0          0          0          0   __rtentry4.o
        52          8          0          0          0          0   __scatter.o
        26          0          0          0          0          0   __scatter_copy.o
        28          0          0          0          0          0   __scatter_zi.o
         6          0          0          0          0          0   _printf_a.o
         6          0          0          0          0          0   _printf_c.o
        44          0          0          0          0        108   _printf_char.o
        48          6          0          0          0         96   _printf_char_common.o
        40          0          0          0          0         68   _printf_charcount.o
         6          0          0          0          0          0   _printf_d.o
       120         16          0          0          0         92   _printf_dec.o
         6          0          0          0          0          0   _printf_e.o
         6          0          0          0          0          0   _printf_f.o
      1054          0          0          0          0        216   _printf_fp_dec.o
       128         16          0          0          0         84   _printf_fp_infnan.o
         6          0          0          0          0          0   _printf_g.o
       148          4         40          0          0        160   _printf_hex_int_ll_ptr.o
         6          0          0          0          0          0   _printf_i.o
       178          0          0          0          0         88   _printf_intcommon.o
        10          0          0          0          0          0   _printf_l.o
         6          0          0          0          0          0   _printf_lc.o
        10          0          0          0          0          0   _printf_ll.o
         6          0          0          0          0          0   _printf_lld.o
         6          0          0          0          0          0   _printf_lli.o
         6          0          0          0          0          0   _printf_llo.o
         6          0          0          0          0          0   _printf_llu.o
         6          0          0          0          0          0   _printf_llx.o
       124         16          0          0          0         92   _printf_longlong_dec.o
         6          0          0          0          0          0   _printf_ls.o
         6          0          0          0          0          0   _printf_n.o
         6          0          0          0          0          0   _printf_o.o
       112         10          0          0          0        124   _printf_oct_int_ll.o
         6          0          0          0          0          0   _printf_p.o
        78          0          0          0          0        108   _printf_pad.o
         0          0          0          0          0          0   _printf_percent.o
         4          0          0          0          0          0   _printf_percent_end.o
         6          0          0          0          0          0   _printf_s.o
        82          0          0          0          0         80   _printf_str.o
        36          0          0          0          0         84   _printf_truncate.o
         6          0          0          0          0          0   _printf_u.o
        44          0          0          0          0        108   _printf_wchar.o
       188          6          8          0          0         92   _printf_wctomb.o
         6          0          0          0          0          0   _printf_x.o
        16          0          0          0          0         68   _snputc.o
        10          0          0          0          0         68   _sputc.o
        64          0          0          0          0         92   _wcrtomb.o
       228          4        148          0          0         96   bigflt0.o
      1936        128          0          0          0        672   btod.o
        52          4          0          0          0         80   c89vsnprintf.o
        18          0          0          0          0         80   exit.o
         6          0          0          0          0        152   heapauxi.o
         0          0          0          0          0          0   indicate_semi.o
        44         10        272          0          0         76   lc_ctype_c.o
        44         10         28          0          0         76   lc_numeric_c.o
         2          0          0          0          0          0   libinit.o
        30          0          0          0          0          0   libinit2.o
         2          0          0          0          0          0   libshutdown.o
         2          0          0          0          0          0   libshutdown2.o
         8          4          0          0         96         68   libspace.o
       138          0          0          0          0         80   lludiv10.o
        16          4          0          0          0         76   rt_ctype_table.o
         8          4          0          0          0         68   rt_locale_intlibspace.o
        78          0          0          0          0         80   rt_memclr_w.o
       138          0          0          0          0         68   rt_memcpy_v6.o
       100          0          0          0          0         80   rt_memcpy_w.o
         2          0          0          0          0          0   rtexit.o
        10          0          0          0          0          0   rtexit2.o
       128          0          0          0          0         68   strcmpv7m.o
        12          4          0          0          0         68   sys_exit.o
        74          0          0          0          0         80   sys_stackheap_outer.o
         2          0          0          0          0         68   use_no_semi.o
       430          8          0          0          0        168   faddsub_clz.o
        24          0          0          0          0         68   fcmpi.o
       388         76          0          0          0         96   fdiv.o
        38          0          0          0          0         68   fflt_clz.o
       104          4          0          0          0         84   fleqf.o
       258          4          0          0          0         84   fmul.o
       140          4          0          0          0         84   fnaninf.o
        10          0          0          0          0         68   fretinf.o
        98          0          0          0          0         68   frleqf.o
         4          0          0          0          0         68   printf1.o
         0          0          0          0          0          0   usenofp.o
        40          0          0          0          0         68   fpclassify.o

    ----------------------------------------------------------------------
      7824        354        516          0        100       5016   Library Totals
        16          0          3          0          4          0   (incl. Padding)

    ----------------------------------------------------------------------

      Code (inc. data)   RO Data    RW Data    ZI Data      Debug   Library Name

      6274        258        513          0         96       4092   c_w.l
      1494         96          0          0          0        856   fz_ws.l
        40          0          0          0          0         68   m_ws.l

    ----------------------------------------------------------------------
      7824        354        516          0        100       5016   Library Totals

    ----------------------------------------------------------------------

==============================================================================


      Code (inc. data)   RO Data    RW Data    ZI Data      Debug   

     20704        920        904         88      14584     378371   Grand Totals
     20704        920        904         88      14584     378371   ELF Image Totals
     20704        920        904         88          0          0   ROM Totals

==============================================================================

    Total RO  Size (Code + RO Data)                21608 (  21.10kB)
    Total RW  Size (RW Data + ZI Data)             14672 (  14.33kB)
    Total ROM Size (Code + RO Data + RW Data)      21696 (  21.19kB)

==============================================================================

