<html>
<body>
<pre>
<h1>µVision Build Log</h1>
<h2>Tool Versions:</h2>
IDE-Version: ¦ÌVision V5.28.0.0
Copyright (C) 2019 ARM Ltd and ARM Germany GmbH. All rights reserved.
License Information: Wally Wang, QUST, LIC=D0DZ9-4MUWE-00NN9-4ABPP-SM43K-ZP9B2
 
Tool Versions:
Toolchain:       MDK-ARM Plus  Version: 5.28.0.0
Toolchain Path:  C:\Keil_v5\ARM\ARMCC\Bin
C Compiler:      Armcc.exe V5.06 update 6 (build 750)
Assembler:       Armasm.exe V5.06 update 6 (build 750)
Linker/Locator:  ArmLink.exe V5.06 update 6 (build 750)
Library Manager: ArmAr.exe V5.06 update 6 (build 750)
Hex Converter:   FromElf.exe V5.06 update 6 (build 750)
CPU DLL:         SARMCM3.DLL V5.28.0.0
Dialog DLL:      DCM.DLL V1.17.3.0
Target DLL:      STLink\ST-LINKIII-KEIL_SWO.dll V3.0.6.0
Dialog DLL:      TCM.DLL V1.36.2.0
 
<h2>Project:</h2>
E:\A++\wypSVN\00_goodsince_studio\06_development_projects\10_harmful_gas_detector\04_source_code\harmful_gas_detector_v0.2\harmful_gas_detector.uvproj
Project File Date:  05/10/2020

<h2>Output:</h2>
*** Using Compiler 'V5.06 update 6 (build 750)', folder: 'C:\Keil_v5\ARM\ARMCC\Bin'
Build target 'harmful_gas_detector'
compiling gs_bsp.c...
linking...
Program Size: Code=20564 RO-data=904 RW-data=80 ZI-data=14744  
FromELF: creating hex file...
After Build - User command #1: fromelf.exe --bin -o "E:\A++\wypSVN\00_goodsince_studio\06_development_projects\10_harmful_gas_detector\04_source_code\harmful_gas_detector_v0.2\Output\harmful_gas_detector.bin" "E:\A++\wypSVN\00_goodsince_studio\06_development_projects\10_harmful_gas_detector\04_source_code\harmful_gas_detector_v0.2\Output\harmful_gas_detector.axf"
".\Output\harmful_gas_detector.axf" - 0 Error(s), 0 Warning(s).
Build Time Elapsed:  00:00:04
</pre>
</body>
</html>
