<html>
<body>
<pre>
<h1>µVision Build Log</h1>
<h2>Tool Versions:</h2>
IDE-Version: ¦ÌVision V5.28.0.0
Copyright (C) 2019 ARM Ltd and ARM Germany GmbH. All rights reserved.
License Information: Wally Wang, QUST, LIC=D0DZ9-4MUWE-00NN9-4ABPP-SM43K-ZP9B2
 
Tool Versions:
Toolchain:       MDK-ARM Plus  Version: 5.28.0.0
Toolchain Path:  C:\Keil_v5\ARM\ARMCC\Bin
C Compiler:      Armcc.exe V5.06 update 6 (build 750)
Assembler:       Armasm.exe V5.06 update 6 (build 750)
Linker/Locator:  ArmLink.exe V5.06 update 6 (build 750)
Library Manager: ArmAr.exe V5.06 update 6 (build 750)
Hex Converter:   FromElf.exe V5.06 update 6 (build 750)
CPU DLL:         SARMCM3.DLL V5.28.0.0
Dialog DLL:      DCM.DLL V1.17.3.0
Target DLL:      STLink\ST-LINKIII-KEIL_SWO.dll V3.0.6.0
Dialog DLL:      TCM.DLL V1.36.2.0
 
<h2>Project:</h2>
E:\A++\wypSVN\00_goodsince_studio\06_development_projects\10_harmful_gas_detector\04_source_code\harmful_gas_detector_v0.1\harmful_gas_detector.uvproj
Project File Date:  05/10/2020

<h2>Output:</h2>
*** Using Compiler 'V5.06 update 6 (build 750)', folder: 'C:\Keil_v5\ARM\ARMCC\Bin'
Build target 'harmful_gas_detector'
assembling startup_stm32f10x_cl.s...
compiling misc.c...
compiling core_cm3.c...
compiling stm32f10x_adc.c...
compiling stm32f10x_bkp.c...
compiling stm32f10x_can.c...
compiling stm32f10x_cec.c...
compiling stm32f10x_crc.c...
compiling stm32f10x_dbgmcu.c...
compiling stm32f10x_dac.c...
compiling stm32f10x_flash.c...
compiling stm32f10x_dma.c...
compiling stm32f10x_exti.c...
compiling stm32f10x_i2c.c...
compiling stm32f10x_gpio.c...
compiling stm32f10x_fsmc.c...
compiling stm32f10x_pwr.c...
compiling stm32f10x_iwdg.c...
compiling stm32f10x_rcc.c...
compiling stm32f10x_rtc.c...
compiling stm32f10x_sdio.c...
compiling stm32f10x_spi.c...
compiling stm32f10x_usart.c...
compiling stm32f10x_wwdg.c...
compiling stm32f10x_tim.c...
compiling gs_api.c...
compiling gs_global_para.c...
compiling gs_bsp.c...
compiling gs_harmful_gas_detector.c...
compiling main.c...
compiling system_stm32f10x.c...
compiling stm32f10x_it.c...
linking...
Program Size: Code=20704 RO-data=904 RW-data=88 ZI-data=14584  
FromELF: creating hex file...
After Build - User command #1: fromelf.exe --bin -o "E:\A++\wypSVN\00_goodsince_studio\06_development_projects\10_harmful_gas_detector\04_source_code\harmful_gas_detector_v0.1\Output\harmful_gas_detector.bin" "E:\A++\wypSVN\00_goodsince_studio\06_development_projects\10_harmful_gas_detector\04_source_code\harmful_gas_detector_v0.1\Output\harmful_gas_detector.axf"
".\Output\harmful_gas_detector.axf" - 0 Error(s), 0 Warning(s).
Build Time Elapsed:  00:00:22
</pre>
</body>
</html>
